
Allocating common symbols
Common symbol       size              file

TLS                 0x4               obj/kernel.o
display2            0xfa00            obj/vga.o
mt_int_level        0x4               obj/irq.o
mt_last_task        0x4               obj/kernel.o
mt_fpu_task         0x4               obj/kernel.o
mt_curr_task        0x4               obj/kernel.o

Discarded input sections

 .note.GNU-stack
                0x0000000000000000        0x0 obj/monitor.o
 .note.GNU-stack
                0x0000000000000000        0x0 obj/sem.o
 .note.GNU-stack
                0x0000000000000000        0x0 obj/mutex.o
 .note.GNU-stack
                0x0000000000000000        0x0 obj/msgqueue.o
 .note.GNU-stack
                0x0000000000000000        0x0 obj/pipe.o
 .note.GNU-stack
                0x0000000000000000        0x0 obj/ps2.o
 .note.GNU-stack
                0x0000000000000000        0x0 obj/drivers.o
 .note.GNU-stack
                0x0000000000000000        0x0 obj/input.o
 .note.GNU-stack
                0x0000000000000000        0x0 obj/timer.o
 .note.GNU-stack
                0x0000000000000000        0x0 obj/ide.o
 .note.GNU-stack
                0x0000000000000000        0x0 obj/vga.o
 .note.GNU-stack
                0x0000000000000000        0x0 obj/cons.o
 .note.GNU-stack
                0x0000000000000000        0x0 obj/irq.o
 .note.GNU-stack
                0x0000000000000000        0x0 obj/gdt_idt.o
 .note.GNU-stack
                0x0000000000000000        0x0 obj/kernel.o
 .note.GNU-stack
                0x0000000000000000        0x0 obj/queue.o
 .note.GNU-stack
                0x0000000000000000        0x0 obj/math.o
 .note.GNU-stack
                0x0000000000000000        0x0 obj/afilo.o
 .note.GNU-stack
                0x0000000000000000        0x0 obj/peluqueria.o
 .note.GNU-stack
                0x0000000000000000        0x0 obj/kill.o
 .note.GNU-stack
                0x0000000000000000        0x0 obj/test.o
 .note.GNU-stack
                0x0000000000000000        0x0 obj/camino_ns.o
 .note.GNU-stack
                0x0000000000000000        0x0 obj/ts.o
 .note.GNU-stack
                0x0000000000000000        0x0 obj/prodcons.o
 .note.GNU-stack
                0x0000000000000000        0x0 obj/sfilo.o
 .note.GNU-stack
                0x0000000000000000        0x0 obj/paint.o
 .note.GNU-stack
                0x0000000000000000        0x0 obj/shell.o
 .note.GNU-stack
                0x0000000000000000        0x0 obj/setkb.o
 .note.GNU-stack
                0x0000000000000000        0x0 obj/events.o
 .note.GNU-stack
                0x0000000000000000        0x0 obj/disk.o
 .note.GNU-stack
                0x0000000000000000        0x0 obj/xfilo.o
 .note.GNU-stack
                0x0000000000000000        0x0 obj/filo.o
 .note.GNU-stack
                0x0000000000000000        0x0 obj/camino.o
 .note.GNU-stack
                0x0000000000000000        0x0 obj/divz.o
 .note.GNU-stack
                0x0000000000000000        0x0 obj/states.o
 .note.GNU-stack
                0x0000000000000000        0x0 obj/strtol.o
 .note.GNU-stack
                0x0000000000000000        0x0 obj/getline.o
 .note.GNU-stack
                0x0000000000000000        0x0 obj/rand.o
 .note.GNU-stack
                0x0000000000000000        0x0 obj/malloc.o
 .note.GNU-stack
                0x0000000000000000        0x0 obj/printk.o
 .note.GNU-stack
                0x0000000000000000        0x0 obj/string.o
 .note.GNU-stack
                0x0000000000000000        0x0 obj/atoi.o
 .note.GNU-stack
                0x0000000000000000        0x0 obj/sprintf.o
 .note.GNU-stack
                0x0000000000000000        0x0 obj/getch.o
 .note.GNU-stack
                0x0000000000000000        0x0 obj/split.o

Memory Configuration

Name             Origin             Length             Attributes
*default*        0x0000000000000000 0xffffffffffffffff

Linker script and memory map

Address of section .text-segment set to 0x100000
LOAD obj/kstart.o
LOAD obj/monitor.o
LOAD obj/sem.o
LOAD obj/mutex.o
LOAD obj/msgqueue.o
LOAD obj/pipe.o
LOAD obj/ps2.o
LOAD obj/drivers.o
LOAD obj/input.o
LOAD obj/timer.o
LOAD obj/ide.o
LOAD obj/vga.o
LOAD obj/cons.o
LOAD obj/irq.o
LOAD obj/gdt_idt.o
LOAD obj/kernel.o
LOAD obj/libasm.o
LOAD obj/queue.o
LOAD obj/interrupts.o
LOAD obj/math.o
LOAD obj/afilo.o
LOAD obj/peluqueria.o
LOAD obj/kill.o
LOAD obj/test.o
LOAD obj/camino_ns.o
LOAD obj/ts.o
LOAD obj/prodcons.o
LOAD obj/sfilo.o
LOAD obj/paint.o
LOAD obj/shell.o
LOAD obj/setkb.o
LOAD obj/events.o
LOAD obj/disk.o
LOAD obj/xfilo.o
LOAD obj/filo.o
LOAD obj/camino.o
LOAD obj/divz.o
LOAD obj/states.o
LOAD obj/strtol.o
LOAD obj/getline.o
LOAD obj/rand.o
LOAD obj/malloc.o
LOAD obj/printk.o
LOAD obj/string.o
LOAD obj/atoi.o
LOAD obj/sprintf.o
LOAD obj/getch.o
LOAD obj/split.o
LOAD obj/io.o
LOAD int32.o
                0x0000000000100000                PROVIDE (__executable_start, 0x100000)
                0x00000000001000d4                . = (0x100000 + SIZEOF_HEADERS)

.interp
 *(.interp)

.note.gnu.build-id
                0x00000000001000d4       0x24
 *(.note.gnu.build-id)
 .note.gnu.build-id
                0x00000000001000d4       0x24 obj/kstart.o

.hash
 *(.hash)

.gnu.hash
 *(.gnu.hash)

.dynsym
 *(.dynsym)

.dynstr
 *(.dynstr)

.gnu.version
 *(.gnu.version)

.gnu.version_d
 *(.gnu.version_d)

.gnu.version_r
 *(.gnu.version_r)

.rel.dyn        0x00000000001000f8        0x0
 *(.rel.init)
 *(.rel.text .rel.text.* .rel.gnu.linkonce.t.*)
 .rel.text      0x0000000000000000        0x0 obj/kstart.o
 *(.rel.fini)
 *(.rel.rodata .rel.rodata.* .rel.gnu.linkonce.r.*)
 *(.rel.data.rel.ro .rel.data.rel.ro.* .rel.gnu.linkonce.d.rel.ro.*)
 *(.rel.data .rel.data.* .rel.gnu.linkonce.d.*)
 .rel.data      0x0000000000000000        0x0 obj/kstart.o
 *(.rel.tdata .rel.tdata.* .rel.gnu.linkonce.td.*)
 *(.rel.tbss .rel.tbss.* .rel.gnu.linkonce.tb.*)
 *(.rel.ctors)
 *(.rel.dtors)
 *(.rel.got)
 *(.rel.bss .rel.bss.* .rel.gnu.linkonce.b.*)
 *(.rel.ifunc)

.rel.plt        0x00000000001000f8        0x0
 *(.rel.plt)
                0x00000000001000f8                PROVIDE (__rel_iplt_start, .)
 *(.rel.iplt)
 .rel.iplt      0x0000000000000000        0x0 obj/kstart.o
                0x00000000001000f8                PROVIDE (__rel_iplt_end, .)

.init
 *(SORT(.init))

.plt            0x0000000000100100        0x0
 *(.plt)
 *(.iplt)
 .iplt          0x0000000000000000        0x0 obj/kstart.o

.text           0x0000000000100100     0xd3cc
 *(.text.unlikely .text.*_unlikely .text.unlikely.*)
 *(.text.exit .text.exit.*)
 *(.text.startup .text.startup.*)
 *(.text.hot .text.hot.*)
 *(.text .stub .text.* .gnu.linkonce.t.*)
 .text          0x0000000000100100       0x1a obj/kstart.o
                0x000000000010010c                _start
 .text          0x000000000010011a      0x336 obj/monitor.o
                0x000000000010011a                CreateMonitor
                0x0000000000100144                DeleteMonitor
                0x000000000010017d                EnterMonitor
                0x0000000000100198                EnterMonitorCond
                0x00000000001001b3                EnterMonitorTimed
                0x0000000000100229                LeaveMonitor
                0x0000000000100276                CreateCondition
                0x00000000001002a9                DeleteCondition
                0x00000000001002e2                WaitCondition
                0x00000000001002fd                WaitConditionTimed
                0x000000000010038e                SignalCondition
                0x00000000001003ef                BroadcastCondition
 .text          0x0000000000100450      0x1a7 obj/sem.o
                0x0000000000100450                CreateSem
                0x0000000000100483                DeleteSem
                0x00000000001004d6                WaitSem
                0x00000000001004f1                WaitSemCond
                0x000000000010050c                WaitSemTimed
                0x000000000010056e                SignalSem
                0x00000000001005ae                ValueSem
                0x00000000001005b9                FlushSem
 .text          0x00000000001005f7      0x18e obj/mutex.o
                0x00000000001005f7                CreateMutex
                0x0000000000100621                DeleteMutex
                0x000000000010065a                EnterMutex
                0x0000000000100675                EnterMutexCond
                0x0000000000100690                EnterMutexTimed
                0x000000000010070b                LeaveMutex
 .text          0x0000000000100785      0x33e obj/msgqueue.o
                0x0000000000100785                CreateMsgQueue
                0x0000000000100893                DeleteMsgQueue
                0x00000000001008dd                GetMsgQueue
                0x00000000001008ff                GetMsgQueueCond
                0x0000000000100921                GetMsgQueueTimed
                0x00000000001009c5                PutMsgQueue
                0x00000000001009e7                PutMsgQueueCond
                0x0000000000100a09                PutMsgQueueTimed
                0x0000000000100aad                AvailMsgQueue
 .text          0x0000000000100ac3      0x528 obj/pipe.o
                0x0000000000100ac3                CreatePipe
                0x0000000000100bc0                DeletePipe
                0x0000000000100c0b                GetPipe
                0x0000000000100c34                GetPipeCond
                0x0000000000100c5d                GetPipeTimed
                0x0000000000100de4                PutPipe
                0x0000000000100e0d                PutPipeCond
                0x0000000000100e36                PutPipeTimed
                0x0000000000100fe0                AvailPipe
 .text          0x0000000000100feb      0x9a0 obj/ps2.o
                0x00000000001017e4                mt_ps2_init
                0x0000000000101916                mt_ps2_getlayout
                0x0000000000101920                mt_ps2_setlayout
                0x0000000000101981                mt_ps2_layouts
 .text          0x000000000010198b       0x1c obj/drivers.o
                0x000000000010198b                mt_init_drivers
 .text          0x00000000001019a7      0x2c2 obj/input.o
                0x00000000001019a7                mt_input_init
                0x0000000000101a6f                mt_input_put
                0x0000000000101a8b                mt_input_get
                0x0000000000101aa7                mt_input_get_cond
                0x0000000000101ac3                mt_input_get_timed
                0x0000000000101ae6                mt_kbd_putch
                0x0000000000101b08                mt_kbd_puts
                0x0000000000101b70                mt_kbd_getch
                0x0000000000101b8c                mt_kbd_getch_cond
                0x0000000000101ba8                mt_kbd_getch_timed
                0x0000000000101bcb                mt_input_setfocus
                0x0000000000101c1e                mt_input_setcurrent
 .text          0x0000000000101c69       0x63 obj/timer.o
                0x0000000000101c69                mt_setup_timer
 .text          0x0000000000101ccc      0xbca obj/ide.o
                0x0000000000102608                mt_ide_init
                0x00000000001027b0                mt_ide_read
                0x00000000001027e0                mt_ide_write
                0x0000000000102810                mt_ide_model
                0x0000000000102853                mt_ide_capacity
 .text          0x0000000000102896      0x468 obj/vga.o
                0x0000000000102896                init_vga
                0x00000000001028a3                fill_screen
                0x00000000001028e7                print_mouse
                0x0000000000102a78                print_line
                0x0000000000102b99                print_from
                0x0000000000102c15                print_color
                0x0000000000102c94                print_current_color
 .text          0x0000000000102cfe      0xa25 obj/cons.o
                0x0000000000102e2d                set_graphics_mode
                0x0000000000102e72                set_text_mode
                0x0000000000103165                mt_cons_init
                0x00000000001031bf                mt_cons_clear
                0x0000000000103226                mt_cons_clreol
                0x00000000001032ac                mt_cons_clreom
                0x0000000000103320                mt_cons_nrows
                0x000000000010332a                mt_cons_ncols
                0x0000000000103334                mt_cons_nscrolls
                0x0000000000103341                mt_cons_getxy
                0x000000000010337d                mt_cons_gotoxy
                0x00000000001033c6                mt_cons_setattr
                0x00000000001033e9                mt_cons_getattr
                0x0000000000103435                mt_cons_cursor
                0x000000000010347a                mt_cons_putc
                0x0000000000103517                mt_cons_puts
                0x000000000010355c                mt_cons_cr
                0x000000000010358f                mt_cons_nl
                0x00000000001035d8                mt_cons_tab
                0x000000000010362c                mt_cons_bs
                0x0000000000103695                mt_cons_raw
                0x00000000001036d0                mt_cons_setfocus
                0x00000000001036ef                mt_cons_setcurrent
                0x0000000000103701                mt_cons_set0
 .text          0x0000000000103723      0x369 obj/irq.o
                0x0000000000103886                mt_int_handler
                0x00000000001038e1                mt_setup_interrupts
                0x0000000000103930                mt_set_int_handler
                0x000000000010394f                mt_set_exception_handler
                0x000000000010396e                mt_disable_irq
                0x00000000001039fb                mt_enable_irq
 .text          0x0000000000103a8c       0xfb obj/gdt_idt.o
                0x0000000000103b75                mt_setup_gdt_idt
 .text          0x0000000000103b87     0x1942 obj/kernel.o
                0x0000000000103b87                mt_main
                0x0000000000103e3c                mt_select_task
                0x0000000000104286                CreateTask
                0x000000000010435a                DeleteTask
                0x0000000000104402                Protect
                0x000000000010442f                Attach
                0x00000000001044a3                Detach
                0x000000000010451d                SetPriority
                0x00000000001045b6                SetConsole
                0x000000000010462f                SetSaveRestore
                0x000000000010467b                SetCleanup
                0x00000000001046b1                GetInfo
                0x0000000000104788                GetTasks
                0x00000000001047f0                Ready
                0x0000000000104852                Suspend
                0x00000000001048be                CurrentTask
                0x00000000001048c8                Pause
                0x00000000001048dd                Yield
                0x00000000001048f2                Delay
                0x000000000010496e                UDelay
                0x0000000000104998                Join
                0x00000000001049ba                JoinCond
                0x00000000001049dc                JoinTimed
                0x0000000000104af9                Exit
                0x0000000000104c99                Panic
                0x0000000000104d3f                Atomic
                0x0000000000104d52                Unatomic
                0x0000000000104d9a                SetInts
                0x0000000000104dcc                CreateQueue
                0x0000000000104df6                DeleteQueue
                0x0000000000104e29                WaitQueue
                0x0000000000104e44                WaitQueueTimed
                0x0000000000104ed2                SignalQueue
                0x0000000000104f23                FlushQueue
                0x0000000000104f81                Send
                0x0000000000104faa                SendCond
                0x0000000000104fd3                SendTimed
                0x000000000010515b                Receive
                0x0000000000105184                ReceiveCond
                0x00000000001051ad                ReceiveTimed
                0x00000000001053b5                GetName
                0x00000000001053cc                Time
                0x00000000001053ec                Malloc
                0x0000000000105440                StrDup
                0x00000000001054a4                Free
 .text          0x00000000001054c9       0x70 obj/libasm.o
                0x00000000001054c9                mt_load_gdt
                0x00000000001054e6                mt_load_idt
                0x00000000001054ee                mt_context_switch
                0x000000000010550f                mt_sti
                0x0000000000105511                mt_cli
                0x0000000000105513                mt_flags
                0x0000000000105516                mt_finit
                0x000000000010551a                mt_fsave
                0x0000000000105522                mt_frstor
                0x000000000010552a                mt_stts
                0x0000000000105534                mt_clts
                0x0000000000105537                mt_hlt
 .text          0x0000000000105539      0x3f6 obj/queue.o
                0x0000000000105539                mt_enqueue
                0x000000000010561f                mt_dequeue
                0x00000000001056a6                mt_peeklast
                0x00000000001056b1                mt_getlast
                0x0000000000105721                mt_enqueue_time
                0x000000000010581f                mt_dequeue_time
                0x00000000001058b9                mt_peekfirst_time
                0x00000000001058c3                mt_getfirst_time
 *fill*         0x000000000010592f        0x1 
 .text          0x0000000000105930      0x356 obj/interrupts.o
                0x0000000000105930                mt_int_stubs
 .text          0x0000000000105c86       0x95 obj/math.o
                0x0000000000105cff                mt_setup_math
 .text          0x0000000000105d1b      0x5dc obj/afilo.o
                0x0000000000106185                atomic_phil_main
 .text          0x00000000001062f7      0x847 obj/peluqueria.o
                0x000000000010684e                peluqueria_main
 .text          0x0000000000106b3e      0x12a obj/kill.o
                0x0000000000106b3e                kill_main
 .text          0x0000000000106c68       0x19 obj/test.o
                0x0000000000106c68                test_main
 .text          0x0000000000106c81      0xb2f obj/camino_ns.o
                0x00000000001075f7                camino_ns_main
 .text          0x00000000001077b0      0x361 obj/ts.o
                0x0000000000107864                ts_main
 .text          0x0000000000107b11      0x578 obj/prodcons.o
                0x0000000000107dce                prodcons_main
 .text          0x0000000000108089      0x576 obj/sfilo.o
                0x0000000000108444                simple_phil_main
 .text          0x00000000001085ff      0x2ae obj/paint.o
                0x00000000001085ff                paint_main
                0x00000000001087ab                execute_task
                0x00000000001087ea                get_action
                0x00000000001087f4                print_menu
                0x0000000000108856                print_colors_menu
 .text          0x00000000001088ad      0x78a obj/shell.o
                0x00000000001089ad                shell_main
 .text          0x0000000000109037       0xf0 obj/setkb.o
                0x0000000000109037                setkb_main
 .text          0x0000000000109127      0x187 obj/events.o
                0x0000000000109127                events_main
 .text          0x00000000001092ae      0x1a8 obj/disk.o
                0x000000000010942b                disk_main
 .text          0x0000000000109456      0x679 obj/xfilo.o
                0x00000000001098ea                extra_phil_main
 .text          0x0000000000109acf      0x617 obj/filo.o
                0x0000000000109f01                phil_main
 .text          0x000000000010a0e6      0x987 obj/camino.o
                0x000000000010a891                camino_main
 .text          0x000000000010aa6d       0xf2 obj/divz.o
                0x000000000010aaa8                divz_main
 .text          0x000000000010ab5f       0x20 obj/states.o
                0x000000000010ab5f                statename
 .text          0x000000000010ab7f      0x471 obj/strtol.o
                0x000000000010ac2f                strtol
                0x000000000010ae1e                strtoul
 .text          0x000000000010aff0      0x209 obj/getline.o
                0x000000000010b03d                getline
 .text          0x000000000010b1f9       0xae obj/rand.o
                0x000000000010b286                rand
                0x000000000010b29a                srand
 .text          0x000000000010b2a7      0x1e3 obj/malloc.o
                0x000000000010b2a7                mt_setup_heap
                0x000000000010b309                free
                0x000000000010b3ea                malloc
 .text          0x000000000010b48a      0x15a obj/printk.o
                0x000000000010b48a                vprintk
                0x000000000010b501                printk
                0x000000000010b531                print0
                0x000000000010b584                cprintk
 .text          0x000000000010b5e4      0x36a obj/string.o
                0x000000000010b5e4                strcpy
                0x000000000010b617                strncpy
                0x000000000010b659                strcat
                0x000000000010b69e                strncat
                0x000000000010b6ec                strcmp
                0x000000000010b729                strncmp
                0x000000000010b771                strchr
                0x000000000010b7a4                strrchr
                0x000000000010b7df                strlen
                0x000000000010b80b                strnlen
                0x000000000010b839                memcpy
                0x000000000010b87e                memmove
                0x000000000010b8eb                memchr
                0x000000000010b929                memset
 .text          0x000000000010b94e       0xa1 obj/atoi.o
                0x000000000010b94e                atoi
 .text          0x000000000010b9ef     0x1582 obj/sprintf.o
                0x000000000010bcdb                ecvtbuf
                0x000000000010bd1e                fcvtbuf
                0x000000000010ca21                vsprintf
                0x000000000010cf44                sprintf
 .text          0x000000000010cf71       0x76 obj/getch.o
                0x000000000010cf71                getch
                0x000000000010cf96                getch_cond
                0x000000000010cfbb                getch_timed
 .text          0x000000000010cfe7      0x346 obj/split.o
                0x000000000010d03a                split
                0x000000000010d209                separate
 .text          0x000000000010d32d       0x48 obj/io.o
                0x000000000010d32d                inb
                0x000000000010d338                outb
                0x000000000010d345                inw
                0x000000000010d351                outw
                0x000000000010d35f                inl
                0x000000000010d368                outl
 *fill*         0x000000000010d375        0xb 
 .text          0x000000000010d380      0x14c int32.o
                0x000000000010d380                int32
                0x000000000010d380                _int32
 *(.gnu.warning)

.fini
 *(SORT(.fini))
                0x000000000010d4cc                PROVIDE (__etext, .)
                0x000000000010d4cc                PROVIDE (_etext, .)
                0x000000000010d4cc                PROVIDE (etext, .)

.rodata         0x000000000010d4d0     0x10a7
 *(.rodata .rodata.* .gnu.linkonce.r.*)
 .rodata        0x000000000010d4d0      0x10b obj/monitor.o
 *fill*         0x000000000010d5db        0x1 
 .rodata        0x000000000010d5dc       0x2a obj/mutex.o
 *fill*         0x000000000010d606        0x2 
 .rodata        0x000000000010d608       0x32 obj/msgqueue.o
 .rodata        0x000000000010d63a        0xe obj/pipe.o
 .rodata        0x000000000010d648       0x52 obj/ps2.o
 .rodata        0x000000000010d69a       0x1e obj/input.o
 .rodata        0x000000000010d6b8       0x7e obj/ide.o
 *fill*         0x000000000010d736        0x2 
 .rodata        0x000000000010d738       0x3f obj/irq.o
 *fill*         0x000000000010d777        0x1 
 .rodata        0x000000000010d778      0x286 obj/kernel.o
 *fill*         0x000000000010d9fe        0x2 
 .rodata        0x000000000010da00       0x57 obj/afilo.o
 *fill*         0x000000000010da57        0x1 
 .rodata        0x000000000010da58      0x157 obj/peluqueria.o
 .rodata        0x000000000010dbaf       0x4b obj/kill.o
 .rodata        0x000000000010dbfa        0xc obj/test.o
 *fill*         0x000000000010dc06        0x2 
 .rodata        0x000000000010dc08       0xa0 obj/camino_ns.o
 .rodata        0x000000000010dca8       0xde obj/ts.o
 *fill*         0x000000000010dd86        0x2 
 .rodata        0x000000000010dd88       0xac obj/prodcons.o
 .rodata        0x000000000010de34       0x69 obj/sfilo.o
 .rodata        0x000000000010de9d      0x140 obj/shell.o
 *fill*         0x000000000010dfdd        0x3 
 .rodata        0x000000000010dfe0       0x62 obj/setkb.o
 .rodata        0x000000000010e042       0x6c obj/events.o
 *fill*         0x000000000010e0ae        0x2 
 .rodata        0x000000000010e0b0      0x106 obj/disk.o
 *fill*         0x000000000010e1b6        0x2 
 .rodata        0x000000000010e1b8       0x69 obj/xfilo.o
 *fill*         0x000000000010e221        0x3 
 .rodata        0x000000000010e224       0x69 obj/filo.o
 *fill*         0x000000000010e28d        0x3 
 .rodata        0x000000000010e290       0x88 obj/camino.o
 .rodata        0x000000000010e318       0x6b obj/divz.o
 *fill*         0x000000000010e383        0x1 
 .rodata        0x000000000010e384       0x50 obj/states.o
 .rodata        0x000000000010e3d4        0xf obj/getline.o
 *fill*         0x000000000010e3e3        0x5 
 .rodata        0x000000000010e3e8      0x188 obj/sprintf.o
 .rodata        0x000000000010e570        0x7 obj/split.o

.rodata1
 *(.rodata1)

.eh_frame_hdr   0x000000000010e578      0xc24
 *(.eh_frame_hdr)
 .eh_frame_hdr  0x000000000010e578      0xc24 obj/monitor.o

.eh_frame       0x000000000010f19c     0x3228
 *(.eh_frame)
 .eh_frame      0x000000000010f19c      0x1a4 obj/monitor.o
 .eh_frame      0x000000000010f340      0x100 obj/sem.o
                                        0x118 (size before relaxing)
 .eh_frame      0x000000000010f440       0xc0 obj/mutex.o
                                         0xd8 (size before relaxing)
 .eh_frame      0x000000000010f500      0x120 obj/msgqueue.o
                                        0x138 (size before relaxing)
 .eh_frame      0x000000000010f620      0x130 obj/pipe.o
                                        0x148 (size before relaxing)
 .eh_frame      0x000000000010f750      0x218 obj/ps2.o
                                        0x230 (size before relaxing)
 .eh_frame      0x000000000010f968       0x20 obj/drivers.o
                                         0x38 (size before relaxing)
 .eh_frame      0x000000000010f988      0x180 obj/input.o
                                        0x198 (size before relaxing)
 .eh_frame      0x000000000010fb08       0x20 obj/timer.o
                                         0x38 (size before relaxing)
 .eh_frame      0x000000000010fb28      0x1f0 obj/ide.o
                                        0x208 (size before relaxing)
 .eh_frame      0x000000000010fd18       0xe0 obj/vga.o
                                         0xf8 (size before relaxing)
 .eh_frame      0x000000000010fdf8      0x448 obj/cons.o
                                        0x460 (size before relaxing)
 .eh_frame      0x0000000000110240      0x148 obj/irq.o
                                        0x160 (size before relaxing)
 .eh_frame      0x0000000000110388       0x60 obj/gdt_idt.o
                                         0x78 (size before relaxing)
 .eh_frame      0x00000000001103e8      0x758 obj/kernel.o
                                        0x770 (size before relaxing)
 .eh_frame      0x0000000000110b40      0x100 obj/queue.o
                                        0x118 (size before relaxing)
 .eh_frame      0x0000000000110c40       0x44 obj/math.o
                                         0x5c (size before relaxing)
 .eh_frame      0x0000000000110c84      0x19c obj/afilo.o
                                        0x1b4 (size before relaxing)
 .eh_frame      0x0000000000110e20      0x1a4 obj/peluqueria.o
                                        0x1bc (size before relaxing)
 .eh_frame      0x0000000000110fc4       0x20 obj/kill.o
                                         0x38 (size before relaxing)
 .eh_frame      0x0000000000110fe4       0x20 obj/test.o
                                         0x38 (size before relaxing)
 .eh_frame      0x0000000000111004      0x1a8 obj/camino_ns.o
                                        0x1c0 (size before relaxing)
 .eh_frame      0x00000000001111ac       0x6c obj/ts.o
                                         0x84 (size before relaxing)
 .eh_frame      0x0000000000111218      0x11c obj/prodcons.o
                                        0x134 (size before relaxing)
 .eh_frame      0x0000000000111334      0x178 obj/sfilo.o
                                        0x190 (size before relaxing)
 .eh_frame      0x00000000001114ac       0xa0 obj/paint.o
                                         0xb8 (size before relaxing)
 .eh_frame      0x000000000011154c       0xa0 obj/shell.o
                                         0xb8 (size before relaxing)
 .eh_frame      0x00000000001115ec       0x20 obj/setkb.o
                                         0x38 (size before relaxing)
 .eh_frame      0x000000000011160c       0x28 obj/events.o
                                         0x40 (size before relaxing)
 .eh_frame      0x0000000000111634       0x40 obj/disk.o
                                         0x58 (size before relaxing)
 .eh_frame      0x0000000000111674      0x19c obj/xfilo.o
                                        0x1b4 (size before relaxing)
 .eh_frame      0x0000000000111810      0x19c obj/filo.o
                                        0x1b4 (size before relaxing)
 .eh_frame      0x00000000001119ac      0x1e8 obj/camino.o
                                        0x200 (size before relaxing)
 .eh_frame      0x0000000000111b94       0x60 obj/divz.o
                                         0x78 (size before relaxing)
 .eh_frame      0x0000000000111bf4       0x20 obj/states.o
                                         0x38 (size before relaxing)
 .eh_frame      0x0000000000111c14       0xe0 obj/strtol.o
                                         0xf8 (size before relaxing)
 .eh_frame      0x0000000000111cf4       0x40 obj/getline.o
                                         0x58 (size before relaxing)
 .eh_frame      0x0000000000111d34       0x60 obj/rand.o
                                         0x78 (size before relaxing)
 .eh_frame      0x0000000000111d94       0x60 obj/malloc.o
                                         0x78 (size before relaxing)
 .eh_frame      0x0000000000111df4       0x80 obj/printk.o
                                         0x98 (size before relaxing)
 .eh_frame      0x0000000000111e74      0x244 obj/string.o
                                        0x25c (size before relaxing)
 .eh_frame      0x00000000001120b8       0x20 obj/atoi.o
                                         0x38 (size before relaxing)
 .eh_frame      0x00000000001120d8      0x1ec obj/sprintf.o
                                        0x204 (size before relaxing)
 .eh_frame      0x00000000001122c4       0x60 obj/getch.o
                                         0x78 (size before relaxing)
 .eh_frame      0x0000000000112324       0xa0 obj/split.o
                                         0xb8 (size before relaxing)

.gcc_except_table
 *(.gcc_except_table .gcc_except_table.*)

.exception_ranges
 *(.exception_ranges .exception_ranges*)
                0x00000000001123c4                . = (ALIGN (0x1000) - ((0x1000 - .) & 0xfff))
                0x0000000000114000                . = DATA_SEGMENT_ALIGN (0x1000, 0x1000)

.eh_frame
 *(.eh_frame)

.gcc_except_table
 *(.gcc_except_table .gcc_except_table.*)

.exception_ranges
 *(.exception_ranges .exception_ranges*)

.tdata
 *(.tdata .tdata.* .gnu.linkonce.td.*)

.tbss
 *(.tbss .tbss.* .gnu.linkonce.tb.*)
 *(.tcommon)

.preinit_array  0x0000000000114000        0x0
                0x0000000000114000                PROVIDE (__preinit_array_start, .)
 *(.preinit_array)
                0x0000000000114000                PROVIDE (__preinit_array_end, .)

.init_array     0x0000000000114000        0x0
                0x0000000000114000                PROVIDE (__init_array_start, .)
 *(SORT(.init_array.*) SORT(.ctors.*))
 *(.init_array EXCLUDE_FILE(*crtend?.o *crtend.o *crtbegin?.o *crtbegin.o) .ctors)
                0x0000000000114000                PROVIDE (__init_array_end, .)

.fini_array     0x0000000000114000        0x0
                0x0000000000114000                PROVIDE (__fini_array_start, .)
 *(SORT(.fini_array.*) SORT(.dtors.*))
 *(.fini_array EXCLUDE_FILE(*crtend?.o *crtend.o *crtbegin?.o *crtbegin.o) .dtors)
                0x0000000000114000                PROVIDE (__fini_array_end, .)

.ctors
 *crtbegin.o(.ctors)
 *crtbegin?.o(.ctors)
 *(EXCLUDE_FILE(*crtend?.o *crtend.o) .ctors)
 *(SORT(.ctors.*))
 *(.ctors)

.dtors
 *crtbegin.o(.dtors)
 *crtbegin?.o(.dtors)
 *(EXCLUDE_FILE(*crtend?.o *crtend.o) .dtors)
 *(SORT(.dtors.*))
 *(.dtors)

.jcr
 *(.jcr)

.data.rel.ro
 *(.data.rel.ro.local* .gnu.linkonce.d.rel.ro.local.*)
 *(.data.rel.ro .data.rel.ro.* .gnu.linkonce.d.rel.ro.*)

.dynamic
 *(.dynamic)

.got
 *(.got)
 *(.igot)
                0x0000000000114000                . = DATA_SEGMENT_RELRO_END (., (SIZEOF (.got.plt) >= 0xc)?0xc:0x0)

.got.plt        0x0000000000114000        0x0
 *(.got.plt)
 *(.igot.plt)
 .igot.plt      0x0000000000000000        0x0 obj/kstart.o

.data           0x0000000000114000     0x1734
 *(.data .data.* .gnu.linkonce.d.*)
 .data          0x0000000000114000        0x0 obj/kstart.o
 .data          0x0000000000114000        0x0 obj/monitor.o
 .data          0x0000000000114000        0x0 obj/sem.o
 .data          0x0000000000114000        0x0 obj/mutex.o
 .data          0x0000000000114000        0x0 obj/msgqueue.o
 .data          0x0000000000114000        0x0 obj/pipe.o
 .data          0x0000000000114000      0xc25 obj/ps2.o
                0x0000000000114000                keymap_spanish
                0x0000000000114600                keymap_us_std
 .data          0x0000000000114c25        0x0 obj/drivers.o
 .data          0x0000000000114c25        0x0 obj/input.o
 .data          0x0000000000114c25        0x0 obj/timer.o
 *fill*         0x0000000000114c25       0x1b 
 .data          0x0000000000114c40      0x1a0 obj/ide.o
 .data          0x0000000000114de0        0x4 obj/vga.o
                0x0000000000114de0                display
 .data          0x0000000000114de4       0x20 obj/cons.o
 .data          0x0000000000114e04        0x0 obj/irq.o
 .data          0x0000000000114e04       0x18 obj/gdt_idt.o
 .data          0x0000000000114e1c        0x0 obj/kernel.o
 .data          0x0000000000114e1c        0x0 obj/libasm.o
 .data          0x0000000000114e1c        0x0 obj/queue.o
 .data          0x0000000000114e1c        0x0 obj/interrupts.o
 .data          0x0000000000114e1c        0x0 obj/math.o
 *fill*         0x0000000000114e1c        0x4 
 .data          0x0000000000114e20       0x50 obj/afilo.o
 .data          0x0000000000114e70        0x0 obj/peluqueria.o
 .data          0x0000000000114e70        0x0 obj/kill.o
 .data          0x0000000000114e70        0x0 obj/test.o
 .data          0x0000000000114e70        0x4 obj/camino_ns.o
 .data          0x0000000000114e74        0x8 obj/ts.o
 .data          0x0000000000114e7c        0x0 obj/prodcons.o
 *fill*         0x0000000000114e7c        0x4 
 .data          0x0000000000114e80       0x50 obj/sfilo.o
 *fill*         0x0000000000114ed0       0x10 
 .data          0x0000000000114ee0      0x670 obj/paint.o
                0x0000000000114ee0                cross
                0x0000000000115080                circle
                0x0000000000115220                rectangle
                0x00000000001153c0                line
 *fill*         0x0000000000115550       0x10 
 .data          0x0000000000115560       0xd8 obj/shell.o
 .data          0x0000000000115638        0x0 obj/setkb.o
 .data          0x0000000000115638        0x0 obj/events.o
 .data          0x0000000000115638        0x0 obj/disk.o
 *fill*         0x0000000000115638        0x8 
 .data          0x0000000000115640       0x50 obj/xfilo.o
 *fill*         0x0000000000115690       0x10 
 .data          0x00000000001156a0       0x50 obj/filo.o
 .data          0x00000000001156f0        0x4 obj/camino.o
 .data          0x00000000001156f4        0x0 obj/divz.o
 *fill*         0x00000000001156f4        0xc 
 .data          0x0000000000115700       0x28 obj/states.o
 .data          0x0000000000115728        0x0 obj/strtol.o
 .data          0x0000000000115728        0x0 obj/getline.o
 .data          0x0000000000115728        0x4 obj/rand.o
 .data          0x000000000011572c        0x0 obj/malloc.o
 .data          0x000000000011572c        0x0 obj/printk.o
 .data          0x000000000011572c        0x0 obj/string.o
 .data          0x000000000011572c        0x0 obj/atoi.o
 .data          0x000000000011572c        0x8 obj/sprintf.o
 .data          0x0000000000115734        0x0 obj/getch.o
 .data          0x0000000000115734        0x0 obj/split.o
 .data          0x0000000000115734        0x0 obj/io.o

.data1
 *(.data1)
                0x0000000000115734                _edata = .
                0x0000000000115734                PROVIDE (edata, .)
                0x0000000000115734                . = .
                0x0000000000115734                __bss_start = .

.bss            0x0000000000115740    0x17eb4
 *(.dynbss)
 *(.bss .bss.* .gnu.linkonce.b.*)
 .bss           0x0000000000115740     0x4000 obj/kstart.o
 .bss           0x0000000000119740        0x0 obj/monitor.o
 .bss           0x0000000000119740        0x0 obj/sem.o
 .bss           0x0000000000119740        0x0 obj/mutex.o
 .bss           0x0000000000119740        0x0 obj/msgqueue.o
 .bss           0x0000000000119740        0x0 obj/pipe.o
 .bss           0x0000000000119740       0x5c obj/ps2.o
 .bss           0x000000000011979c        0x0 obj/drivers.o
 *fill*         0x000000000011979c        0x4 
 .bss           0x00000000001197a0       0x7c obj/input.o
 .bss           0x000000000011981c        0x0 obj/timer.o
 .bss           0x000000000011981c        0x0 obj/ide.o
 .bss           0x000000000011981c        0x4 obj/vga.o
                0x000000000011981c                selected_color
 .bss           0x0000000000119820      0x104 obj/cons.o
 *fill*         0x0000000000119924       0x1c 
 .bss           0x0000000000119940       0xc0 obj/irq.o
 .bss           0x0000000000119a00      0x180 obj/gdt_idt.o
 .bss           0x0000000000119b80       0x30 obj/kernel.o
 .bss           0x0000000000119bb0        0x4 obj/libasm.o
 .bss           0x0000000000119bb4        0xc obj/queue.o
 .bss           0x0000000000119bc0     0x400c obj/interrupts.o
 .bss           0x000000000011dbcc        0x0 obj/math.o
 .bss           0x000000000011dbcc        0x0 obj/afilo.o
 .bss           0x000000000011dbcc        0x0 obj/peluqueria.o
 .bss           0x000000000011dbcc        0x0 obj/kill.o
 .bss           0x000000000011dbcc        0x0 obj/test.o
 .bss           0x000000000011dbcc        0x4 obj/camino_ns.o
 .bss           0x000000000011dbd0        0x0 obj/ts.o
 .bss           0x000000000011dbd0        0x0 obj/prodcons.o
 .bss           0x000000000011dbd0        0x0 obj/sfilo.o
 .bss           0x000000000011dbd0        0x0 obj/paint.o
 .bss           0x000000000011dbd0        0x0 obj/shell.o
 .bss           0x000000000011dbd0        0x0 obj/setkb.o
 .bss           0x000000000011dbd0        0x0 obj/events.o
 .bss           0x000000000011dbd0        0x0 obj/disk.o
 .bss           0x000000000011dbd0        0x0 obj/xfilo.o
 .bss           0x000000000011dbd0        0x0 obj/filo.o
 .bss           0x000000000011dbd0        0x4 obj/camino.o
 .bss           0x000000000011dbd4        0x0 obj/divz.o
 .bss           0x000000000011dbd4        0x0 obj/states.o
 .bss           0x000000000011dbd4        0x0 obj/strtol.o
 .bss           0x000000000011dbd4        0x0 obj/getline.o
 .bss           0x000000000011dbd4        0x0 obj/rand.o
 .bss           0x000000000011dbd4        0xc obj/malloc.o
 .bss           0x000000000011dbe0        0x0 obj/printk.o
 .bss           0x000000000011dbe0        0x0 obj/string.o
 .bss           0x000000000011dbe0        0x0 obj/atoi.o
 .bss           0x000000000011dbe0        0x0 obj/sprintf.o
 .bss           0x000000000011dbe0        0x0 obj/getch.o
 .bss           0x000000000011dbe0        0x0 obj/split.o
 .bss           0x000000000011dbe0        0x0 obj/io.o
 *(COMMON)
 COMMON         0x000000000011dbe0     0xfa00 obj/vga.o
                0x000000000011dbe0                display2
 COMMON         0x000000000012d5e0        0x4 obj/irq.o
                0x000000000012d5e0                mt_int_level
 COMMON         0x000000000012d5e4       0x10 obj/kernel.o
                0x000000000012d5e4                TLS
                0x000000000012d5e8                mt_last_task
                0x000000000012d5ec                mt_fpu_task
                0x000000000012d5f0                mt_curr_task
                0x000000000012d5f4                . = ALIGN ((. != 0x0)?0x4:0x1)
                0x000000000012d5f4                . = ALIGN (0x4)
                0x000000000012d5f4                . = SEGMENT_START ("ldata-segment", .)
                0x000000000012d5f4                . = ALIGN (0x4)
                0x000000000012d5f4                _end = .
                0x000000000012d5f4                PROVIDE (end, .)
                0x000000000012d5f4                . = DATA_SEGMENT_END (.)

.stab
 *(.stab)

.stabstr
 *(.stabstr)

.stab.excl
 *(.stab.excl)

.stab.exclstr
 *(.stab.exclstr)

.stab.index
 *(.stab.index)

.stab.indexstr
 *(.stab.indexstr)

.comment        0x0000000000000000       0x24
 *(.comment)
 .comment       0x0000000000000000       0x24 obj/monitor.o
                                         0x25 (size before relaxing)
 .comment       0x0000000000000000       0x25 obj/sem.o
 .comment       0x0000000000000000       0x25 obj/mutex.o
 .comment       0x0000000000000000       0x25 obj/msgqueue.o
 .comment       0x0000000000000000       0x25 obj/pipe.o
 .comment       0x0000000000000000       0x25 obj/ps2.o
 .comment       0x0000000000000000       0x25 obj/drivers.o
 .comment       0x0000000000000000       0x25 obj/input.o
 .comment       0x0000000000000000       0x25 obj/timer.o
 .comment       0x0000000000000000       0x25 obj/ide.o
 .comment       0x0000000000000000       0x25 obj/vga.o
 .comment       0x0000000000000000       0x25 obj/cons.o
 .comment       0x0000000000000000       0x25 obj/irq.o
 .comment       0x0000000000000000       0x25 obj/gdt_idt.o
 .comment       0x0000000000000000       0x25 obj/kernel.o
 .comment       0x0000000000000000       0x25 obj/queue.o
 .comment       0x0000000000000000       0x25 obj/math.o
 .comment       0x0000000000000000       0x25 obj/afilo.o
 .comment       0x0000000000000000       0x25 obj/peluqueria.o
 .comment       0x0000000000000000       0x25 obj/kill.o
 .comment       0x0000000000000000       0x25 obj/test.o
 .comment       0x0000000000000000       0x25 obj/camino_ns.o
 .comment       0x0000000000000000       0x25 obj/ts.o
 .comment       0x0000000000000000       0x25 obj/prodcons.o
 .comment       0x0000000000000000       0x25 obj/sfilo.o
 .comment       0x0000000000000000       0x25 obj/paint.o
 .comment       0x0000000000000000       0x25 obj/shell.o
 .comment       0x0000000000000000       0x25 obj/setkb.o
 .comment       0x0000000000000000       0x25 obj/events.o
 .comment       0x0000000000000000       0x25 obj/disk.o
 .comment       0x0000000000000000       0x25 obj/xfilo.o
 .comment       0x0000000000000000       0x25 obj/filo.o
 .comment       0x0000000000000000       0x25 obj/camino.o
 .comment       0x0000000000000000       0x25 obj/divz.o
 .comment       0x0000000000000000       0x25 obj/states.o
 .comment       0x0000000000000000       0x25 obj/strtol.o
 .comment       0x0000000000000000       0x25 obj/getline.o
 .comment       0x0000000000000000       0x25 obj/rand.o
 .comment       0x0000000000000000       0x25 obj/malloc.o
 .comment       0x0000000000000000       0x25 obj/printk.o
 .comment       0x0000000000000000       0x25 obj/string.o
 .comment       0x0000000000000000       0x25 obj/atoi.o
 .comment       0x0000000000000000       0x25 obj/sprintf.o
 .comment       0x0000000000000000       0x25 obj/getch.o
 .comment       0x0000000000000000       0x25 obj/split.o

.debug
 *(.debug)

.line
 *(.line)

.debug_srcinfo
 *(.debug_srcinfo)

.debug_sfnames
 *(.debug_sfnames)

.debug_aranges
 *(.debug_aranges)

.debug_pubnames
 *(.debug_pubnames)

.debug_info
 *(.debug_info .gnu.linkonce.wi.*)

.debug_abbrev
 *(.debug_abbrev)

.debug_line
 *(.debug_line .debug_line.* .debug_line_end)

.debug_frame
 *(.debug_frame)

.debug_str
 *(.debug_str)

.debug_loc
 *(.debug_loc)

.debug_macinfo
 *(.debug_macinfo)

.debug_weaknames
 *(.debug_weaknames)

.debug_funcnames
 *(.debug_funcnames)

.debug_typenames
 *(.debug_typenames)

.debug_varnames
 *(.debug_varnames)

.debug_pubtypes
 *(.debug_pubtypes)

.debug_ranges
 *(.debug_ranges)

.debug_macro
 *(.debug_macro)

.gnu.attributes
 *(.gnu.attributes)

/DISCARD/
 *(.note.GNU-stack)
 *(.gnu_debuglink)
 *(.gnu.lto_*)
OUTPUT(mtask elf32-i386)
