
Allocating common symbols
Common symbol       size              file

TLS                 0x4               obj/kernel.o
display2            0xfa00            obj/vga.o
mt_int_level        0x4               obj/irq.o
selected_action     0x4               obj/paint.o
prev_radius         0x4               obj/vga.o
selected_color      0x4               obj/paint.o
mt_last_task        0x4               obj/kernel.o
fixed_y             0x4               obj/vga.o
prev_acum_y         0x4               obj/vga.o
mt_fpu_task         0x4               obj/kernel.o
mt_curr_task        0x4               obj/kernel.o
prev_acum_x         0x4               obj/vga.o
prev_center_y       0x4               obj/vga.o
prev_center_x       0x4               obj/vga.o

Discarded input sections

 .note.GNU-stack
                0x0000000000000000        0x0 obj/monitor.o
 .note.GNU-stack
                0x0000000000000000        0x0 obj/sem.o
 .note.GNU-stack
                0x0000000000000000        0x0 obj/mutex.o
 .note.GNU-stack
                0x0000000000000000        0x0 obj/msgqueue.o
 .note.GNU-stack
                0x0000000000000000        0x0 obj/pipe.o
 .note.GNU-stack
                0x0000000000000000        0x0 obj/ps2.o
 .note.GNU-stack
                0x0000000000000000        0x0 obj/drivers.o
 .note.GNU-stack
                0x0000000000000000        0x0 obj/input.o
 .note.GNU-stack
                0x0000000000000000        0x0 obj/timer.o
 .note.GNU-stack
                0x0000000000000000        0x0 obj/ide.o
 .note.GNU-stack
                0x0000000000000000        0x0 obj/vga.o
 .note.GNU-stack
                0x0000000000000000        0x0 obj/cons.o
 .note.GNU-stack
                0x0000000000000000        0x0 obj/irq.o
 .note.GNU-stack
                0x0000000000000000        0x0 obj/gdt_idt.o
 .note.GNU-stack
                0x0000000000000000        0x0 obj/kernel.o
 .note.GNU-stack
                0x0000000000000000        0x0 obj/queue.o
 .note.GNU-stack
                0x0000000000000000        0x0 obj/math.o
 .note.GNU-stack
                0x0000000000000000        0x0 obj/afilo.o
 .note.GNU-stack
                0x0000000000000000        0x0 obj/peluqueria.o
 .note.GNU-stack
                0x0000000000000000        0x0 obj/kill.o
 .note.GNU-stack
                0x0000000000000000        0x0 obj/test.o
 .note.GNU-stack
                0x0000000000000000        0x0 obj/camino_ns.o
 .note.GNU-stack
                0x0000000000000000        0x0 obj/ts.o
 .note.GNU-stack
                0x0000000000000000        0x0 obj/prodcons.o
 .note.GNU-stack
                0x0000000000000000        0x0 obj/sfilo.o
 .note.GNU-stack
                0x0000000000000000        0x0 obj/paint.o
 .note.GNU-stack
                0x0000000000000000        0x0 obj/shell.o
 .note.GNU-stack
                0x0000000000000000        0x0 obj/setkb.o
 .note.GNU-stack
                0x0000000000000000        0x0 obj/events.o
 .note.GNU-stack
                0x0000000000000000        0x0 obj/disk.o
 .note.GNU-stack
                0x0000000000000000        0x0 obj/xfilo.o
 .note.GNU-stack
                0x0000000000000000        0x0 obj/filo.o
 .note.GNU-stack
                0x0000000000000000        0x0 obj/camino.o
 .note.GNU-stack
                0x0000000000000000        0x0 obj/divz.o
 .note.GNU-stack
                0x0000000000000000        0x0 obj/states.o
 .note.GNU-stack
                0x0000000000000000        0x0 obj/strtol.o
 .note.GNU-stack
                0x0000000000000000        0x0 obj/getline.o
 .note.GNU-stack
                0x0000000000000000        0x0 obj/rand.o
 .note.GNU-stack
                0x0000000000000000        0x0 obj/malloc.o
 .note.GNU-stack
                0x0000000000000000        0x0 obj/printk.o
 .note.GNU-stack
                0x0000000000000000        0x0 obj/string.o
 .note.GNU-stack
                0x0000000000000000        0x0 obj/atoi.o
 .note.GNU-stack
                0x0000000000000000        0x0 obj/sprintf.o
 .note.GNU-stack
                0x0000000000000000        0x0 obj/getch.o
 .note.GNU-stack
                0x0000000000000000        0x0 obj/split.o

Memory Configuration

Name             Origin             Length             Attributes
*default*        0x0000000000000000 0xffffffffffffffff

Linker script and memory map

Address of section .text-segment set to 0x100000
LOAD obj/kstart.o
LOAD obj/monitor.o
LOAD obj/sem.o
LOAD obj/mutex.o
LOAD obj/msgqueue.o
LOAD obj/pipe.o
LOAD obj/ps2.o
LOAD obj/drivers.o
LOAD obj/input.o
LOAD obj/timer.o
LOAD obj/ide.o
LOAD obj/vga.o
LOAD obj/cons.o
LOAD obj/irq.o
LOAD obj/gdt_idt.o
LOAD obj/kernel.o
LOAD obj/libasm.o
LOAD obj/queue.o
LOAD obj/interrupts.o
LOAD obj/math.o
LOAD obj/afilo.o
LOAD obj/peluqueria.o
LOAD obj/kill.o
LOAD obj/test.o
LOAD obj/camino_ns.o
LOAD obj/ts.o
LOAD obj/prodcons.o
LOAD obj/sfilo.o
LOAD obj/paint.o
LOAD obj/shell.o
LOAD obj/setkb.o
LOAD obj/events.o
LOAD obj/disk.o
LOAD obj/xfilo.o
LOAD obj/filo.o
LOAD obj/camino.o
LOAD obj/divz.o
LOAD obj/states.o
LOAD obj/strtol.o
LOAD obj/getline.o
LOAD obj/rand.o
LOAD obj/malloc.o
LOAD obj/printk.o
LOAD obj/string.o
LOAD obj/atoi.o
LOAD obj/sprintf.o
LOAD obj/getch.o
LOAD obj/split.o
LOAD obj/io.o
LOAD int32.o
                0x0000000000100000                PROVIDE (__executable_start, 0x100000)
                0x00000000001000d4                . = (0x100000 + SIZEOF_HEADERS)

.interp
 *(.interp)

.note.gnu.build-id
                0x00000000001000d4       0x24
 *(.note.gnu.build-id)
 .note.gnu.build-id
                0x00000000001000d4       0x24 obj/kstart.o

.hash
 *(.hash)

.gnu.hash
 *(.gnu.hash)

.dynsym
 *(.dynsym)

.dynstr
 *(.dynstr)

.gnu.version
 *(.gnu.version)

.gnu.version_d
 *(.gnu.version_d)

.gnu.version_r
 *(.gnu.version_r)

.rel.dyn        0x00000000001000f8        0x0
 *(.rel.init)
 *(.rel.text .rel.text.* .rel.gnu.linkonce.t.*)
 .rel.text      0x0000000000000000        0x0 obj/kstart.o
 *(.rel.fini)
 *(.rel.rodata .rel.rodata.* .rel.gnu.linkonce.r.*)
 *(.rel.data.rel.ro .rel.data.rel.ro.* .rel.gnu.linkonce.d.rel.ro.*)
 *(.rel.data .rel.data.* .rel.gnu.linkonce.d.*)
 .rel.data      0x0000000000000000        0x0 obj/kstart.o
 *(.rel.tdata .rel.tdata.* .rel.gnu.linkonce.td.*)
 *(.rel.tbss .rel.tbss.* .rel.gnu.linkonce.tb.*)
 *(.rel.ctors)
 *(.rel.dtors)
 *(.rel.got)
 *(.rel.bss .rel.bss.* .rel.gnu.linkonce.b.*)
 *(.rel.ifunc)

.rel.plt        0x00000000001000f8        0x0
 *(.rel.plt)
                0x00000000001000f8                PROVIDE (__rel_iplt_start, .)
 *(.rel.iplt)
 .rel.iplt      0x0000000000000000        0x0 obj/kstart.o
                0x00000000001000f8                PROVIDE (__rel_iplt_end, .)

.init
 *(SORT(.init))

.plt            0x0000000000100100        0x0
 *(.plt)
 *(.iplt)
 .iplt          0x0000000000000000        0x0 obj/kstart.o

.text           0x0000000000100100     0xdecc
 *(.text.unlikely .text.*_unlikely .text.unlikely.*)
 *(.text.exit .text.exit.*)
 *(.text.startup .text.startup.*)
 *(.text.hot .text.hot.*)
 *(.text .stub .text.* .gnu.linkonce.t.*)
 .text          0x0000000000100100       0x1a obj/kstart.o
                0x000000000010010c                _start
 .text          0x000000000010011a      0x336 obj/monitor.o
                0x000000000010011a                CreateMonitor
                0x0000000000100144                DeleteMonitor
                0x000000000010017d                EnterMonitor
                0x0000000000100198                EnterMonitorCond
                0x00000000001001b3                EnterMonitorTimed
                0x0000000000100229                LeaveMonitor
                0x0000000000100276                CreateCondition
                0x00000000001002a9                DeleteCondition
                0x00000000001002e2                WaitCondition
                0x00000000001002fd                WaitConditionTimed
                0x000000000010038e                SignalCondition
                0x00000000001003ef                BroadcastCondition
 .text          0x0000000000100450      0x1a7 obj/sem.o
                0x0000000000100450                CreateSem
                0x0000000000100483                DeleteSem
                0x00000000001004d6                WaitSem
                0x00000000001004f1                WaitSemCond
                0x000000000010050c                WaitSemTimed
                0x000000000010056e                SignalSem
                0x00000000001005ae                ValueSem
                0x00000000001005b9                FlushSem
 .text          0x00000000001005f7      0x18e obj/mutex.o
                0x00000000001005f7                CreateMutex
                0x0000000000100621                DeleteMutex
                0x000000000010065a                EnterMutex
                0x0000000000100675                EnterMutexCond
                0x0000000000100690                EnterMutexTimed
                0x000000000010070b                LeaveMutex
 .text          0x0000000000100785      0x33e obj/msgqueue.o
                0x0000000000100785                CreateMsgQueue
                0x0000000000100893                DeleteMsgQueue
                0x00000000001008dd                GetMsgQueue
                0x00000000001008ff                GetMsgQueueCond
                0x0000000000100921                GetMsgQueueTimed
                0x00000000001009c5                PutMsgQueue
                0x00000000001009e7                PutMsgQueueCond
                0x0000000000100a09                PutMsgQueueTimed
                0x0000000000100aad                AvailMsgQueue
 .text          0x0000000000100ac3      0x528 obj/pipe.o
                0x0000000000100ac3                CreatePipe
                0x0000000000100bc0                DeletePipe
                0x0000000000100c0b                GetPipe
                0x0000000000100c34                GetPipeCond
                0x0000000000100c5d                GetPipeTimed
                0x0000000000100de4                PutPipe
                0x0000000000100e0d                PutPipeCond
                0x0000000000100e36                PutPipeTimed
                0x0000000000100fe0                AvailPipe
 .text          0x0000000000100feb      0x9a0 obj/ps2.o
                0x00000000001017e4                mt_ps2_init
                0x0000000000101916                mt_ps2_getlayout
                0x0000000000101920                mt_ps2_setlayout
                0x0000000000101981                mt_ps2_layouts
 .text          0x000000000010198b       0x1c obj/drivers.o
                0x000000000010198b                mt_init_drivers
 .text          0x00000000001019a7      0x2c2 obj/input.o
                0x00000000001019a7                mt_input_init
                0x0000000000101a6f                mt_input_put
                0x0000000000101a8b                mt_input_get
                0x0000000000101aa7                mt_input_get_cond
                0x0000000000101ac3                mt_input_get_timed
                0x0000000000101ae6                mt_kbd_putch
                0x0000000000101b08                mt_kbd_puts
                0x0000000000101b70                mt_kbd_getch
                0x0000000000101b8c                mt_kbd_getch_cond
                0x0000000000101ba8                mt_kbd_getch_timed
                0x0000000000101bcb                mt_input_setfocus
                0x0000000000101c1e                mt_input_setcurrent
 .text          0x0000000000101c69       0x63 obj/timer.o
                0x0000000000101c69                mt_setup_timer
 .text          0x0000000000101ccc      0xbca obj/ide.o
                0x0000000000102608                mt_ide_init
                0x00000000001027b0                mt_ide_read
                0x00000000001027e0                mt_ide_write
                0x0000000000102810                mt_ide_model
                0x0000000000102853                mt_ide_capacity
 .text          0x0000000000102896      0xba3 obj/vga.o
                0x0000000000102896                init_vga
                0x00000000001028a3                fill_screen
                0x00000000001028e7                print_mouse
                0x000000000010291b                print_px
                0x00000000001029b8                print_erasable_px
                0x0000000000102a4d                print_prev_px
                0x0000000000102b46                print_from
                0x0000000000102bc2                print_color
                0x0000000000102c41                print_current_color
                0x0000000000102ca7                print_square
                0x000000000010302a                print_circle
                0x00000000001032ca                print_erasable_circle
                0x0000000000103387                distance
                0x00000000001033ed                sqrt
 .text          0x0000000000103439      0xa25 obj/cons.o
                0x0000000000103568                set_graphics_mode
                0x00000000001035ad                set_text_mode
                0x00000000001038a0                mt_cons_init
                0x00000000001038fa                mt_cons_clear
                0x0000000000103961                mt_cons_clreol
                0x00000000001039e7                mt_cons_clreom
                0x0000000000103a5b                mt_cons_nrows
                0x0000000000103a65                mt_cons_ncols
                0x0000000000103a6f                mt_cons_nscrolls
                0x0000000000103a7c                mt_cons_getxy
                0x0000000000103ab8                mt_cons_gotoxy
                0x0000000000103b01                mt_cons_setattr
                0x0000000000103b24                mt_cons_getattr
                0x0000000000103b70                mt_cons_cursor
                0x0000000000103bb5                mt_cons_putc
                0x0000000000103c52                mt_cons_puts
                0x0000000000103c97                mt_cons_cr
                0x0000000000103cca                mt_cons_nl
                0x0000000000103d13                mt_cons_tab
                0x0000000000103d67                mt_cons_bs
                0x0000000000103dd0                mt_cons_raw
                0x0000000000103e0b                mt_cons_setfocus
                0x0000000000103e2a                mt_cons_setcurrent
                0x0000000000103e3c                mt_cons_set0
 .text          0x0000000000103e5e      0x369 obj/irq.o
                0x0000000000103fc1                mt_int_handler
                0x000000000010401c                mt_setup_interrupts
                0x000000000010406b                mt_set_int_handler
                0x000000000010408a                mt_set_exception_handler
                0x00000000001040a9                mt_disable_irq
                0x0000000000104136                mt_enable_irq
 .text          0x00000000001041c7       0xfb obj/gdt_idt.o
                0x00000000001042b0                mt_setup_gdt_idt
 .text          0x00000000001042c2     0x1942 obj/kernel.o
                0x00000000001042c2                mt_main
                0x0000000000104577                mt_select_task
                0x00000000001049c1                CreateTask
                0x0000000000104a95                DeleteTask
                0x0000000000104b3d                Protect
                0x0000000000104b6a                Attach
                0x0000000000104bde                Detach
                0x0000000000104c58                SetPriority
                0x0000000000104cf1                SetConsole
                0x0000000000104d6a                SetSaveRestore
                0x0000000000104db6                SetCleanup
                0x0000000000104dec                GetInfo
                0x0000000000104ec3                GetTasks
                0x0000000000104f2b                Ready
                0x0000000000104f8d                Suspend
                0x0000000000104ff9                CurrentTask
                0x0000000000105003                Pause
                0x0000000000105018                Yield
                0x000000000010502d                Delay
                0x00000000001050a9                UDelay
                0x00000000001050d3                Join
                0x00000000001050f5                JoinCond
                0x0000000000105117                JoinTimed
                0x0000000000105234                Exit
                0x00000000001053d4                Panic
                0x000000000010547a                Atomic
                0x000000000010548d                Unatomic
                0x00000000001054d5                SetInts
                0x0000000000105507                CreateQueue
                0x0000000000105531                DeleteQueue
                0x0000000000105564                WaitQueue
                0x000000000010557f                WaitQueueTimed
                0x000000000010560d                SignalQueue
                0x000000000010565e                FlushQueue
                0x00000000001056bc                Send
                0x00000000001056e5                SendCond
                0x000000000010570e                SendTimed
                0x0000000000105896                Receive
                0x00000000001058bf                ReceiveCond
                0x00000000001058e8                ReceiveTimed
                0x0000000000105af0                GetName
                0x0000000000105b07                Time
                0x0000000000105b27                Malloc
                0x0000000000105b7b                StrDup
                0x0000000000105bdf                Free
 .text          0x0000000000105c04       0x70 obj/libasm.o
                0x0000000000105c04                mt_load_gdt
                0x0000000000105c21                mt_load_idt
                0x0000000000105c29                mt_context_switch
                0x0000000000105c4a                mt_sti
                0x0000000000105c4c                mt_cli
                0x0000000000105c4e                mt_flags
                0x0000000000105c51                mt_finit
                0x0000000000105c55                mt_fsave
                0x0000000000105c5d                mt_frstor
                0x0000000000105c65                mt_stts
                0x0000000000105c6f                mt_clts
                0x0000000000105c72                mt_hlt
 .text          0x0000000000105c74      0x3f6 obj/queue.o
                0x0000000000105c74                mt_enqueue
                0x0000000000105d5a                mt_dequeue
                0x0000000000105de1                mt_peeklast
                0x0000000000105dec                mt_getlast
                0x0000000000105e5c                mt_enqueue_time
                0x0000000000105f5a                mt_dequeue_time
                0x0000000000105ff4                mt_peekfirst_time
                0x0000000000105ffe                mt_getfirst_time
 *fill*         0x000000000010606a        0x6 
 .text          0x0000000000106070      0x356 obj/interrupts.o
                0x0000000000106070                mt_int_stubs
 .text          0x00000000001063c6       0x95 obj/math.o
                0x000000000010643f                mt_setup_math
 .text          0x000000000010645b      0x5dc obj/afilo.o
                0x00000000001068c5                atomic_phil_main
 .text          0x0000000000106a37      0x847 obj/peluqueria.o
                0x0000000000106f8e                peluqueria_main
 .text          0x000000000010727e      0x12a obj/kill.o
                0x000000000010727e                kill_main
 .text          0x00000000001073a8       0x19 obj/test.o
                0x00000000001073a8                test_main
 .text          0x00000000001073c1      0xb2f obj/camino_ns.o
                0x0000000000107d37                camino_ns_main
 .text          0x0000000000107ef0      0x361 obj/ts.o
                0x0000000000107fa4                ts_main
 .text          0x0000000000108251      0x578 obj/prodcons.o
                0x000000000010850e                prodcons_main
 .text          0x00000000001087c9      0x576 obj/sfilo.o
                0x0000000000108b84                simple_phil_main
 .text          0x0000000000108d3f      0x677 obj/paint.o
                0x0000000000108d3f                paint_main
                0x0000000000108eff                execute_task
                0x000000000010901d                get_action
                0x00000000001092e1                print_menu
                0x000000000010935f                print_colors_menu
 .text          0x00000000001093b6      0x78a obj/shell.o
                0x00000000001094b6                shell_main
 .text          0x0000000000109b40       0xf0 obj/setkb.o
                0x0000000000109b40                setkb_main
 .text          0x0000000000109c30      0x187 obj/events.o
                0x0000000000109c30                events_main
 .text          0x0000000000109db7      0x1a8 obj/disk.o
                0x0000000000109f34                disk_main
 .text          0x0000000000109f5f      0x679 obj/xfilo.o
                0x000000000010a3f3                extra_phil_main
 .text          0x000000000010a5d8      0x617 obj/filo.o
                0x000000000010aa0a                phil_main
 .text          0x000000000010abef      0x987 obj/camino.o
                0x000000000010b39a                camino_main
 .text          0x000000000010b576       0xf2 obj/divz.o
                0x000000000010b5b1                divz_main
 .text          0x000000000010b668       0x20 obj/states.o
                0x000000000010b668                statename
 .text          0x000000000010b688      0x471 obj/strtol.o
                0x000000000010b738                strtol
                0x000000000010b927                strtoul
 .text          0x000000000010baf9      0x209 obj/getline.o
                0x000000000010bb46                getline
 .text          0x000000000010bd02       0xae obj/rand.o
                0x000000000010bd8f                rand
                0x000000000010bda3                srand
 .text          0x000000000010bdb0      0x1e3 obj/malloc.o
                0x000000000010bdb0                mt_setup_heap
                0x000000000010be12                free
                0x000000000010bef3                malloc
 .text          0x000000000010bf93      0x15a obj/printk.o
                0x000000000010bf93                vprintk
                0x000000000010c00a                printk
                0x000000000010c03a                print0
                0x000000000010c08d                cprintk
 .text          0x000000000010c0ed      0x36a obj/string.o
                0x000000000010c0ed                strcpy
                0x000000000010c120                strncpy
                0x000000000010c162                strcat
                0x000000000010c1a7                strncat
                0x000000000010c1f5                strcmp
                0x000000000010c232                strncmp
                0x000000000010c27a                strchr
                0x000000000010c2ad                strrchr
                0x000000000010c2e8                strlen
                0x000000000010c314                strnlen
                0x000000000010c342                memcpy
                0x000000000010c387                memmove
                0x000000000010c3f4                memchr
                0x000000000010c432                memset
 .text          0x000000000010c457       0xa1 obj/atoi.o
                0x000000000010c457                atoi
 .text          0x000000000010c4f8     0x1582 obj/sprintf.o
                0x000000000010c7e4                ecvtbuf
                0x000000000010c827                fcvtbuf
                0x000000000010d52a                vsprintf
                0x000000000010da4d                sprintf
 .text          0x000000000010da7a       0x76 obj/getch.o
                0x000000000010da7a                getch
                0x000000000010da9f                getch_cond
                0x000000000010dac4                getch_timed
 .text          0x000000000010daf0      0x346 obj/split.o
                0x000000000010db43                split
                0x000000000010dd12                separate
 .text          0x000000000010de36       0x48 obj/io.o
                0x000000000010de36                inb
                0x000000000010de41                outb
                0x000000000010de4e                inw
                0x000000000010de5a                outw
                0x000000000010de68                inl
                0x000000000010de71                outl
 *fill*         0x000000000010de7e        0x2 
 .text          0x000000000010de80      0x14c int32.o
                0x000000000010de80                int32
                0x000000000010de80                _int32
 *(.gnu.warning)

.fini
 *(SORT(.fini))
                0x000000000010dfcc                PROVIDE (__etext, .)
                0x000000000010dfcc                PROVIDE (_etext, .)
                0x000000000010dfcc                PROVIDE (etext, .)

.rodata         0x000000000010dfd0     0x10a7
 *(.rodata .rodata.* .gnu.linkonce.r.*)
 .rodata        0x000000000010dfd0      0x10b obj/monitor.o
 *fill*         0x000000000010e0db        0x1 
 .rodata        0x000000000010e0dc       0x2a obj/mutex.o
 *fill*         0x000000000010e106        0x2 
 .rodata        0x000000000010e108       0x32 obj/msgqueue.o
 .rodata        0x000000000010e13a        0xe obj/pipe.o
 .rodata        0x000000000010e148       0x52 obj/ps2.o
 .rodata        0x000000000010e19a       0x1e obj/input.o
 .rodata        0x000000000010e1b8       0x7e obj/ide.o
 *fill*         0x000000000010e236        0x2 
 .rodata        0x000000000010e238        0x4 obj/vga.o
 .rodata        0x000000000010e23c       0x3f obj/irq.o
 *fill*         0x000000000010e27b        0x1 
 .rodata        0x000000000010e27c      0x286 obj/kernel.o
 *fill*         0x000000000010e502        0x2 
 .rodata        0x000000000010e504       0x57 obj/afilo.o
 *fill*         0x000000000010e55b        0x1 
 .rodata        0x000000000010e55c      0x157 obj/peluqueria.o
 .rodata        0x000000000010e6b3       0x4b obj/kill.o
 .rodata        0x000000000010e6fe        0xc obj/test.o
 *fill*         0x000000000010e70a        0x2 
 .rodata        0x000000000010e70c       0xa0 obj/camino_ns.o
 .rodata        0x000000000010e7ac       0xde obj/ts.o
 *fill*         0x000000000010e88a        0x2 
 .rodata        0x000000000010e88c       0xac obj/prodcons.o
 .rodata        0x000000000010e938       0x69 obj/sfilo.o
 .rodata        0x000000000010e9a1      0x140 obj/shell.o
 *fill*         0x000000000010eae1        0x3 
 .rodata        0x000000000010eae4       0x62 obj/setkb.o
 .rodata        0x000000000010eb46       0x6c obj/events.o
 *fill*         0x000000000010ebb2        0x2 
 .rodata        0x000000000010ebb4      0x106 obj/disk.o
 *fill*         0x000000000010ecba        0x2 
 .rodata        0x000000000010ecbc       0x69 obj/xfilo.o
 *fill*         0x000000000010ed25        0x3 
 .rodata        0x000000000010ed28       0x69 obj/filo.o
 *fill*         0x000000000010ed91        0x3 
 .rodata        0x000000000010ed94       0x88 obj/camino.o
 .rodata        0x000000000010ee1c       0x6b obj/divz.o
 *fill*         0x000000000010ee87        0x1 
 .rodata        0x000000000010ee88       0x50 obj/states.o
 .rodata        0x000000000010eed8        0xf obj/getline.o
 *fill*         0x000000000010eee7        0x1 
 .rodata        0x000000000010eee8      0x188 obj/sprintf.o
 .rodata        0x000000000010f070        0x7 obj/split.o

.rodata1
 *(.rodata1)

.eh_frame_hdr   0x000000000010f078      0xc5c
 *(.eh_frame_hdr)
 .eh_frame_hdr  0x000000000010f078      0xc5c obj/monitor.o

.eh_frame       0x000000000010fcd4     0x331c
 *(.eh_frame)
 .eh_frame      0x000000000010fcd4      0x1a4 obj/monitor.o
 .eh_frame      0x000000000010fe78      0x100 obj/sem.o
                                        0x118 (size before relaxing)
 .eh_frame      0x000000000010ff78       0xc0 obj/mutex.o
                                         0xd8 (size before relaxing)
 .eh_frame      0x0000000000110038      0x120 obj/msgqueue.o
                                        0x138 (size before relaxing)
 .eh_frame      0x0000000000110158      0x130 obj/pipe.o
                                        0x148 (size before relaxing)
 .eh_frame      0x0000000000110288      0x218 obj/ps2.o
                                        0x230 (size before relaxing)
 .eh_frame      0x00000000001104a0       0x20 obj/drivers.o
                                         0x38 (size before relaxing)
 .eh_frame      0x00000000001104c0      0x180 obj/input.o
                                        0x198 (size before relaxing)
 .eh_frame      0x0000000000110640       0x20 obj/timer.o
                                         0x38 (size before relaxing)
 .eh_frame      0x0000000000110660      0x1f0 obj/ide.o
                                        0x208 (size before relaxing)
 .eh_frame      0x0000000000110850      0x1d4 obj/vga.o
                                        0x1ec (size before relaxing)
 .eh_frame      0x0000000000110a24      0x448 obj/cons.o
                                        0x460 (size before relaxing)
 .eh_frame      0x0000000000110e6c      0x148 obj/irq.o
                                        0x160 (size before relaxing)
 .eh_frame      0x0000000000110fb4       0x60 obj/gdt_idt.o
                                         0x78 (size before relaxing)
 .eh_frame      0x0000000000111014      0x758 obj/kernel.o
                                        0x770 (size before relaxing)
 .eh_frame      0x000000000011176c      0x100 obj/queue.o
                                        0x118 (size before relaxing)
 .eh_frame      0x000000000011186c       0x44 obj/math.o
                                         0x5c (size before relaxing)
 .eh_frame      0x00000000001118b0      0x19c obj/afilo.o
                                        0x1b4 (size before relaxing)
 .eh_frame      0x0000000000111a4c      0x1a4 obj/peluqueria.o
                                        0x1bc (size before relaxing)
 .eh_frame      0x0000000000111bf0       0x20 obj/kill.o
                                         0x38 (size before relaxing)
 .eh_frame      0x0000000000111c10       0x20 obj/test.o
                                         0x38 (size before relaxing)
 .eh_frame      0x0000000000111c30      0x1a8 obj/camino_ns.o
                                        0x1c0 (size before relaxing)
 .eh_frame      0x0000000000111dd8       0x6c obj/ts.o
                                         0x84 (size before relaxing)
 .eh_frame      0x0000000000111e44      0x11c obj/prodcons.o
                                        0x134 (size before relaxing)
 .eh_frame      0x0000000000111f60      0x178 obj/sfilo.o
                                        0x190 (size before relaxing)
 .eh_frame      0x00000000001120d8       0xa0 obj/paint.o
                                         0xb8 (size before relaxing)
 .eh_frame      0x0000000000112178       0xa0 obj/shell.o
                                         0xb8 (size before relaxing)
 .eh_frame      0x0000000000112218       0x20 obj/setkb.o
                                         0x38 (size before relaxing)
 .eh_frame      0x0000000000112238       0x28 obj/events.o
                                         0x40 (size before relaxing)
 .eh_frame      0x0000000000112260       0x40 obj/disk.o
                                         0x58 (size before relaxing)
 .eh_frame      0x00000000001122a0      0x19c obj/xfilo.o
                                        0x1b4 (size before relaxing)
 .eh_frame      0x000000000011243c      0x19c obj/filo.o
                                        0x1b4 (size before relaxing)
 .eh_frame      0x00000000001125d8      0x1e8 obj/camino.o
                                        0x200 (size before relaxing)
 .eh_frame      0x00000000001127c0       0x60 obj/divz.o
                                         0x78 (size before relaxing)
 .eh_frame      0x0000000000112820       0x20 obj/states.o
                                         0x38 (size before relaxing)
 .eh_frame      0x0000000000112840       0xe0 obj/strtol.o
                                         0xf8 (size before relaxing)
 .eh_frame      0x0000000000112920       0x40 obj/getline.o
                                         0x58 (size before relaxing)
 .eh_frame      0x0000000000112960       0x60 obj/rand.o
                                         0x78 (size before relaxing)
 .eh_frame      0x00000000001129c0       0x60 obj/malloc.o
                                         0x78 (size before relaxing)
 .eh_frame      0x0000000000112a20       0x80 obj/printk.o
                                         0x98 (size before relaxing)
 .eh_frame      0x0000000000112aa0      0x244 obj/string.o
                                        0x25c (size before relaxing)
 .eh_frame      0x0000000000112ce4       0x20 obj/atoi.o
                                         0x38 (size before relaxing)
 .eh_frame      0x0000000000112d04      0x1ec obj/sprintf.o
                                        0x204 (size before relaxing)
 .eh_frame      0x0000000000112ef0       0x60 obj/getch.o
                                         0x78 (size before relaxing)
 .eh_frame      0x0000000000112f50       0xa0 obj/split.o
                                         0xb8 (size before relaxing)

.gcc_except_table
 *(.gcc_except_table .gcc_except_table.*)

.exception_ranges
 *(.exception_ranges .exception_ranges*)
                0x0000000000112ff0                . = (ALIGN (0x1000) - ((0x1000 - .) & 0xfff))
                0x0000000000114000                . = DATA_SEGMENT_ALIGN (0x1000, 0x1000)

.eh_frame
 *(.eh_frame)

.gcc_except_table
 *(.gcc_except_table .gcc_except_table.*)

.exception_ranges
 *(.exception_ranges .exception_ranges*)

.tdata
 *(.tdata .tdata.* .gnu.linkonce.td.*)

.tbss
 *(.tbss .tbss.* .gnu.linkonce.tb.*)
 *(.tcommon)

.preinit_array  0x0000000000114000        0x0
                0x0000000000114000                PROVIDE (__preinit_array_start, .)
 *(.preinit_array)
                0x0000000000114000                PROVIDE (__preinit_array_end, .)

.init_array     0x0000000000114000        0x0
                0x0000000000114000                PROVIDE (__init_array_start, .)
 *(SORT(.init_array.*) SORT(.ctors.*))
 *(.init_array EXCLUDE_FILE(*crtend?.o *crtend.o *crtbegin?.o *crtbegin.o) .ctors)
                0x0000000000114000                PROVIDE (__init_array_end, .)

.fini_array     0x0000000000114000        0x0
                0x0000000000114000                PROVIDE (__fini_array_start, .)
 *(SORT(.fini_array.*) SORT(.dtors.*))
 *(.fini_array EXCLUDE_FILE(*crtend?.o *crtend.o *crtbegin?.o *crtbegin.o) .dtors)
                0x0000000000114000                PROVIDE (__fini_array_end, .)

.ctors
 *crtbegin.o(.ctors)
 *crtbegin?.o(.ctors)
 *(EXCLUDE_FILE(*crtend?.o *crtend.o) .ctors)
 *(SORT(.ctors.*))
 *(.ctors)

.dtors
 *crtbegin.o(.dtors)
 *crtbegin?.o(.dtors)
 *(EXCLUDE_FILE(*crtend?.o *crtend.o) .dtors)
 *(SORT(.dtors.*))
 *(.dtors)

.jcr
 *(.jcr)

.data.rel.ro
 *(.data.rel.ro.local* .gnu.linkonce.d.rel.ro.local.*)
 *(.data.rel.ro .data.rel.ro.* .gnu.linkonce.d.rel.ro.*)

.dynamic
 *(.dynamic)

.got
 *(.got)
 *(.igot)
                0x0000000000114000                . = DATA_SEGMENT_RELRO_END (., (SIZEOF (.got.plt) >= 0xc)?0xc:0x0)

.got.plt        0x0000000000114000        0x0
 *(.got.plt)
 *(.igot.plt)
 .igot.plt      0x0000000000000000        0x0 obj/kstart.o

.data           0x0000000000114000     0x18d4
 *(.data .data.* .gnu.linkonce.d.*)
 .data          0x0000000000114000        0x0 obj/kstart.o
 .data          0x0000000000114000        0x0 obj/monitor.o
 .data          0x0000000000114000        0x0 obj/sem.o
 .data          0x0000000000114000        0x0 obj/mutex.o
 .data          0x0000000000114000        0x0 obj/msgqueue.o
 .data          0x0000000000114000        0x0 obj/pipe.o
 .data          0x0000000000114000      0xc25 obj/ps2.o
                0x0000000000114000                keymap_spanish
                0x0000000000114600                keymap_us_std
 .data          0x0000000000114c25        0x0 obj/drivers.o
 .data          0x0000000000114c25        0x0 obj/input.o
 .data          0x0000000000114c25        0x0 obj/timer.o
 *fill*         0x0000000000114c25       0x1b 
 .data          0x0000000000114c40      0x1a0 obj/ide.o
 .data          0x0000000000114de0        0x8 obj/vga.o
                0x0000000000114de0                display
                0x0000000000114de4                fixed_x
 .data          0x0000000000114de8       0x20 obj/cons.o
 .data          0x0000000000114e08        0x0 obj/irq.o
 .data          0x0000000000114e08       0x18 obj/gdt_idt.o
 .data          0x0000000000114e20        0x0 obj/kernel.o
 .data          0x0000000000114e20        0x0 obj/libasm.o
 .data          0x0000000000114e20        0x0 obj/queue.o
 .data          0x0000000000114e20        0x0 obj/interrupts.o
 .data          0x0000000000114e20        0x0 obj/math.o
 .data          0x0000000000114e20       0x50 obj/afilo.o
 .data          0x0000000000114e70        0x0 obj/peluqueria.o
 .data          0x0000000000114e70        0x0 obj/kill.o
 .data          0x0000000000114e70        0x0 obj/test.o
 .data          0x0000000000114e70        0x4 obj/camino_ns.o
 .data          0x0000000000114e74        0x8 obj/ts.o
 .data          0x0000000000114e7c        0x0 obj/prodcons.o
 *fill*         0x0000000000114e7c        0x4 
 .data          0x0000000000114e80       0x50 obj/sfilo.o
 *fill*         0x0000000000114ed0       0x10 
 .data          0x0000000000114ee0      0x810 obj/paint.o
                0x0000000000114ee0                cross
                0x0000000000115080                circle
                0x0000000000115220                rectangle
                0x00000000001153c0                line
                0x0000000000115560                rubber
 *fill*         0x00000000001156f0       0x10 
 .data          0x0000000000115700       0xd8 obj/shell.o
 .data          0x00000000001157d8        0x0 obj/setkb.o
 .data          0x00000000001157d8        0x0 obj/events.o
 .data          0x00000000001157d8        0x0 obj/disk.o
 *fill*         0x00000000001157d8        0x8 
 .data          0x00000000001157e0       0x50 obj/xfilo.o
 *fill*         0x0000000000115830       0x10 
 .data          0x0000000000115840       0x50 obj/filo.o
 .data          0x0000000000115890        0x4 obj/camino.o
 .data          0x0000000000115894        0x0 obj/divz.o
 *fill*         0x0000000000115894        0xc 
 .data          0x00000000001158a0       0x28 obj/states.o
 .data          0x00000000001158c8        0x0 obj/strtol.o
 .data          0x00000000001158c8        0x0 obj/getline.o
 .data          0x00000000001158c8        0x4 obj/rand.o
 .data          0x00000000001158cc        0x0 obj/malloc.o
 .data          0x00000000001158cc        0x0 obj/printk.o
 .data          0x00000000001158cc        0x0 obj/string.o
 .data          0x00000000001158cc        0x0 obj/atoi.o
 .data          0x00000000001158cc        0x8 obj/sprintf.o
 .data          0x00000000001158d4        0x0 obj/getch.o
 .data          0x00000000001158d4        0x0 obj/split.o
 .data          0x00000000001158d4        0x0 obj/io.o

.data1
 *(.data1)
                0x00000000001158d4                _edata = .
                0x00000000001158d4                PROVIDE (edata, .)
                0x00000000001158d4                . = .
                0x00000000001158d4                __bss_start = .

.bss            0x00000000001158e0    0x17ed4
 *(.dynbss)
 *(.bss .bss.* .gnu.linkonce.b.*)
 .bss           0x00000000001158e0     0x4000 obj/kstart.o
 .bss           0x00000000001198e0        0x0 obj/monitor.o
 .bss           0x00000000001198e0        0x0 obj/sem.o
 .bss           0x00000000001198e0        0x0 obj/mutex.o
 .bss           0x00000000001198e0        0x0 obj/msgqueue.o
 .bss           0x00000000001198e0        0x0 obj/pipe.o
 .bss           0x00000000001198e0       0x5c obj/ps2.o
 .bss           0x000000000011993c        0x0 obj/drivers.o
 *fill*         0x000000000011993c        0x4 
 .bss           0x0000000000119940       0x7c obj/input.o
 .bss           0x00000000001199bc        0x0 obj/timer.o
 .bss           0x00000000001199bc        0x0 obj/ide.o
 .bss           0x00000000001199bc        0x0 obj/vga.o
 *fill*         0x00000000001199bc        0x4 
 .bss           0x00000000001199c0      0x104 obj/cons.o
 *fill*         0x0000000000119ac4       0x1c 
 .bss           0x0000000000119ae0       0xc0 obj/irq.o
 .bss           0x0000000000119ba0      0x180 obj/gdt_idt.o
 .bss           0x0000000000119d20       0x30 obj/kernel.o
 .bss           0x0000000000119d50        0x4 obj/libasm.o
 .bss           0x0000000000119d54        0xc obj/queue.o
 .bss           0x0000000000119d60     0x400c obj/interrupts.o
 .bss           0x000000000011dd6c        0x0 obj/math.o
 .bss           0x000000000011dd6c        0x0 obj/afilo.o
 .bss           0x000000000011dd6c        0x0 obj/peluqueria.o
 .bss           0x000000000011dd6c        0x0 obj/kill.o
 .bss           0x000000000011dd6c        0x0 obj/test.o
 .bss           0x000000000011dd6c        0x4 obj/camino_ns.o
 .bss           0x000000000011dd70        0x0 obj/ts.o
 .bss           0x000000000011dd70        0x0 obj/prodcons.o
 .bss           0x000000000011dd70        0x0 obj/sfilo.o
 .bss           0x000000000011dd70        0x0 obj/paint.o
 .bss           0x000000000011dd70        0x0 obj/shell.o
 .bss           0x000000000011dd70        0x0 obj/setkb.o
 .bss           0x000000000011dd70        0x0 obj/events.o
 .bss           0x000000000011dd70        0x0 obj/disk.o
 .bss           0x000000000011dd70        0x0 obj/xfilo.o
 .bss           0x000000000011dd70        0x0 obj/filo.o
 .bss           0x000000000011dd70        0x4 obj/camino.o
 .bss           0x000000000011dd74        0x0 obj/divz.o
 .bss           0x000000000011dd74        0x0 obj/states.o
 .bss           0x000000000011dd74        0x0 obj/strtol.o
 .bss           0x000000000011dd74        0x0 obj/getline.o
 .bss           0x000000000011dd74        0x0 obj/rand.o
 .bss           0x000000000011dd74        0xc obj/malloc.o
 .bss           0x000000000011dd80        0x0 obj/printk.o
 .bss           0x000000000011dd80        0x0 obj/string.o
 .bss           0x000000000011dd80        0x0 obj/atoi.o
 .bss           0x000000000011dd80        0x0 obj/sprintf.o
 .bss           0x000000000011dd80        0x0 obj/getch.o
 .bss           0x000000000011dd80        0x0 obj/split.o
 .bss           0x000000000011dd80        0x0 obj/io.o
 *(COMMON)
 COMMON         0x000000000011dd80     0xfa18 obj/vga.o
                0x000000000011dd80                display2
                0x000000000012d780                prev_radius
                0x000000000012d784                fixed_y
                0x000000000012d788                prev_acum_y
                0x000000000012d78c                prev_acum_x
                0x000000000012d790                prev_center_y
                0x000000000012d794                prev_center_x
 COMMON         0x000000000012d798        0x4 obj/irq.o
                0x000000000012d798                mt_int_level
 COMMON         0x000000000012d79c       0x10 obj/kernel.o
                0x000000000012d79c                TLS
                0x000000000012d7a0                mt_last_task
                0x000000000012d7a4                mt_fpu_task
                0x000000000012d7a8                mt_curr_task
 COMMON         0x000000000012d7ac        0x8 obj/paint.o
                0x000000000012d7ac                selected_action
                0x000000000012d7b0                selected_color
                0x000000000012d7b4                . = ALIGN ((. != 0x0)?0x4:0x1)
                0x000000000012d7b4                . = ALIGN (0x4)
                0x000000000012d7b4                . = SEGMENT_START ("ldata-segment", .)
                0x000000000012d7b4                . = ALIGN (0x4)
                0x000000000012d7b4                _end = .
                0x000000000012d7b4                PROVIDE (end, .)
                0x000000000012d7b4                . = DATA_SEGMENT_END (.)

.stab
 *(.stab)

.stabstr
 *(.stabstr)

.stab.excl
 *(.stab.excl)

.stab.exclstr
 *(.stab.exclstr)

.stab.index
 *(.stab.index)

.stab.indexstr
 *(.stab.indexstr)

.comment        0x0000000000000000       0x4d
 *(.comment)
 .comment       0x0000000000000000       0x29 obj/monitor.o
                                         0x2a (size before relaxing)
 .comment       0x0000000000000000       0x2a obj/sem.o
 .comment       0x0000000000000000       0x2a obj/mutex.o
 .comment       0x0000000000000000       0x2a obj/msgqueue.o
 .comment       0x0000000000000000       0x2a obj/pipe.o
 .comment       0x0000000000000000       0x2a obj/ps2.o
 .comment       0x0000000000000000       0x2a obj/drivers.o
 .comment       0x0000000000000000       0x2a obj/input.o
 .comment       0x0000000000000000       0x2a obj/timer.o
 .comment       0x0000000000000000       0x2a obj/ide.o
 .comment       0x0000000000000029       0x24 obj/vga.o
                                         0x25 (size before relaxing)
 .comment       0x0000000000000000       0x2a obj/cons.o
 .comment       0x0000000000000000       0x2a obj/irq.o
 .comment       0x0000000000000000       0x2a obj/gdt_idt.o
 .comment       0x0000000000000000       0x2a obj/kernel.o
 .comment       0x0000000000000000       0x2a obj/queue.o
 .comment       0x0000000000000000       0x2a obj/math.o
 .comment       0x0000000000000000       0x2a obj/afilo.o
 .comment       0x0000000000000000       0x2a obj/peluqueria.o
 .comment       0x0000000000000000       0x2a obj/kill.o
 .comment       0x0000000000000000       0x2a obj/test.o
 .comment       0x0000000000000000       0x2a obj/camino_ns.o
 .comment       0x0000000000000000       0x2a obj/ts.o
 .comment       0x0000000000000000       0x2a obj/prodcons.o
 .comment       0x0000000000000000       0x2a obj/sfilo.o
 .comment       0x0000000000000000       0x25 obj/paint.o
 .comment       0x0000000000000000       0x2a obj/shell.o
 .comment       0x0000000000000000       0x2a obj/setkb.o
 .comment       0x0000000000000000       0x2a obj/events.o
 .comment       0x0000000000000000       0x2a obj/disk.o
 .comment       0x0000000000000000       0x2a obj/xfilo.o
 .comment       0x0000000000000000       0x2a obj/filo.o
 .comment       0x0000000000000000       0x2a obj/camino.o
 .comment       0x0000000000000000       0x2a obj/divz.o
 .comment       0x0000000000000000       0x2a obj/states.o
 .comment       0x0000000000000000       0x25 obj/strtol.o
 .comment       0x0000000000000000       0x2a obj/getline.o
 .comment       0x0000000000000000       0x2a obj/rand.o
 .comment       0x0000000000000000       0x2a obj/malloc.o
 .comment       0x0000000000000000       0x2a obj/printk.o
 .comment       0x0000000000000000       0x2a obj/string.o
 .comment       0x0000000000000000       0x2a obj/atoi.o
 .comment       0x0000000000000000       0x2a obj/sprintf.o
 .comment       0x0000000000000000       0x2a obj/getch.o
 .comment       0x0000000000000000       0x2a obj/split.o

.debug
 *(.debug)

.line
 *(.line)

.debug_srcinfo
 *(.debug_srcinfo)

.debug_sfnames
 *(.debug_sfnames)

.debug_aranges
 *(.debug_aranges)

.debug_pubnames
 *(.debug_pubnames)

.debug_info
 *(.debug_info .gnu.linkonce.wi.*)

.debug_abbrev
 *(.debug_abbrev)

.debug_line
 *(.debug_line .debug_line.* .debug_line_end)

.debug_frame
 *(.debug_frame)

.debug_str
 *(.debug_str)

.debug_loc
 *(.debug_loc)

.debug_macinfo
 *(.debug_macinfo)

.debug_weaknames
 *(.debug_weaknames)

.debug_funcnames
 *(.debug_funcnames)

.debug_typenames
 *(.debug_typenames)

.debug_varnames
 *(.debug_varnames)

.debug_pubtypes
 *(.debug_pubtypes)

.debug_ranges
 *(.debug_ranges)

.debug_macro
 *(.debug_macro)

.gnu.attributes
 *(.gnu.attributes)

/DISCARD/
 *(.note.GNU-stack)
 *(.gnu_debuglink)
 *(.gnu.lto_*)
OUTPUT(mtask elf32-i386)
