
Allocating common symbols
Common symbol       size              file

TLS                 0x4               obj/kernel.o
mt_int_level        0x4               obj/irq.o
mt_last_task        0x4               obj/kernel.o
mt_fpu_task         0x4               obj/kernel.o
mt_curr_task        0x4               obj/kernel.o

Discarded input sections

 .note.GNU-stack
                0x0000000000000000        0x0 obj/monitor.o
 .note.GNU-stack
                0x0000000000000000        0x0 obj/sem.o
 .note.GNU-stack
                0x0000000000000000        0x0 obj/mutex.o
 .note.GNU-stack
                0x0000000000000000        0x0 obj/msgqueue.o
 .note.GNU-stack
                0x0000000000000000        0x0 obj/pipe.o
 .note.GNU-stack
                0x0000000000000000        0x0 obj/ps2.o
 .note.GNU-stack
                0x0000000000000000        0x0 obj/drivers.o
 .note.GNU-stack
                0x0000000000000000        0x0 obj/input.o
 .note.GNU-stack
                0x0000000000000000        0x0 obj/timer.o
 .note.GNU-stack
                0x0000000000000000        0x0 obj/ide.o
 .note.GNU-stack
                0x0000000000000000        0x0 obj/vga.o
 .note.GNU-stack
                0x0000000000000000        0x0 obj/cons.o
 .note.GNU-stack
                0x0000000000000000        0x0 obj/irq.o
 .note.GNU-stack
                0x0000000000000000        0x0 obj/gdt_idt.o
 .note.GNU-stack
                0x0000000000000000        0x0 obj/kernel.o
 .note.GNU-stack
                0x0000000000000000        0x0 obj/queue.o
 .note.GNU-stack
                0x0000000000000000        0x0 obj/math.o
 .note.GNU-stack
                0x0000000000000000        0x0 obj/afilo.o
 .note.GNU-stack
                0x0000000000000000        0x0 obj/peluqueria.o
 .note.GNU-stack
                0x0000000000000000        0x0 obj/kill.o
 .note.GNU-stack
                0x0000000000000000        0x0 obj/test.o
 .note.GNU-stack
                0x0000000000000000        0x0 obj/camino_ns.o
 .note.GNU-stack
                0x0000000000000000        0x0 obj/ts.o
 .note.GNU-stack
                0x0000000000000000        0x0 obj/prodcons.o
 .note.GNU-stack
                0x0000000000000000        0x0 obj/sfilo.o
 .note.GNU-stack
                0x0000000000000000        0x0 obj/paint.o
 .note.GNU-stack
                0x0000000000000000        0x0 obj/shell.o
 .note.GNU-stack
                0x0000000000000000        0x0 obj/setkb.o
 .note.GNU-stack
                0x0000000000000000        0x0 obj/events.o
 .note.GNU-stack
                0x0000000000000000        0x0 obj/disk.o
 .note.GNU-stack
                0x0000000000000000        0x0 obj/xfilo.o
 .note.GNU-stack
                0x0000000000000000        0x0 obj/filo.o
 .note.GNU-stack
                0x0000000000000000        0x0 obj/camino.o
 .note.GNU-stack
                0x0000000000000000        0x0 obj/divz.o
 .note.GNU-stack
                0x0000000000000000        0x0 obj/states.o
 .note.GNU-stack
                0x0000000000000000        0x0 obj/strtol.o
 .note.GNU-stack
                0x0000000000000000        0x0 obj/getline.o
 .note.GNU-stack
                0x0000000000000000        0x0 obj/rand.o
 .note.GNU-stack
                0x0000000000000000        0x0 obj/malloc.o
 .note.GNU-stack
                0x0000000000000000        0x0 obj/printk.o
 .note.GNU-stack
                0x0000000000000000        0x0 obj/string.o
 .note.GNU-stack
                0x0000000000000000        0x0 obj/atoi.o
 .note.GNU-stack
                0x0000000000000000        0x0 obj/sprintf.o
 .note.GNU-stack
                0x0000000000000000        0x0 obj/getch.o
 .note.GNU-stack
                0x0000000000000000        0x0 obj/split.o

Memory Configuration

Name             Origin             Length             Attributes
*default*        0x0000000000000000 0xffffffffffffffff

Linker script and memory map

Address of section .text-segment set to 0x100000
LOAD obj/kstart.o
LOAD obj/monitor.o
LOAD obj/sem.o
LOAD obj/mutex.o
LOAD obj/msgqueue.o
LOAD obj/pipe.o
LOAD obj/ps2.o
LOAD obj/drivers.o
LOAD obj/input.o
LOAD obj/timer.o
LOAD obj/ide.o
LOAD obj/vga.o
LOAD obj/cons.o
LOAD obj/irq.o
LOAD obj/gdt_idt.o
LOAD obj/kernel.o
LOAD obj/libasm.o
LOAD obj/queue.o
LOAD obj/interrupts.o
LOAD obj/math.o
LOAD obj/afilo.o
LOAD obj/peluqueria.o
LOAD obj/kill.o
LOAD obj/test.o
LOAD obj/camino_ns.o
LOAD obj/ts.o
LOAD obj/prodcons.o
LOAD obj/sfilo.o
LOAD obj/paint.o
LOAD obj/shell.o
LOAD obj/setkb.o
LOAD obj/events.o
LOAD obj/disk.o
LOAD obj/xfilo.o
LOAD obj/filo.o
LOAD obj/camino.o
LOAD obj/divz.o
LOAD obj/states.o
LOAD obj/strtol.o
LOAD obj/getline.o
LOAD obj/rand.o
LOAD obj/malloc.o
LOAD obj/printk.o
LOAD obj/string.o
LOAD obj/atoi.o
LOAD obj/sprintf.o
LOAD obj/getch.o
LOAD obj/split.o
LOAD obj/io.o
LOAD int32.o
                0x0000000000100000                PROVIDE (__executable_start, 0x100000)
                0x00000000001000d4                . = (0x100000 + SIZEOF_HEADERS)

.interp
 *(.interp)

.note.gnu.build-id
                0x00000000001000d4       0x24
 *(.note.gnu.build-id)
 .note.gnu.build-id
                0x00000000001000d4       0x24 obj/kstart.o

.hash
 *(.hash)

.gnu.hash
 *(.gnu.hash)

.dynsym
 *(.dynsym)

.dynstr
 *(.dynstr)

.gnu.version
 *(.gnu.version)

.gnu.version_d
 *(.gnu.version_d)

.gnu.version_r
 *(.gnu.version_r)

.rel.dyn        0x00000000001000f8        0x0
 *(.rel.init)
 *(.rel.text .rel.text.* .rel.gnu.linkonce.t.*)
 .rel.text      0x0000000000000000        0x0 obj/kstart.o
 *(.rel.fini)
 *(.rel.rodata .rel.rodata.* .rel.gnu.linkonce.r.*)
 *(.rel.data.rel.ro .rel.data.rel.ro.* .rel.gnu.linkonce.d.rel.ro.*)
 *(.rel.data .rel.data.* .rel.gnu.linkonce.d.*)
 .rel.data      0x0000000000000000        0x0 obj/kstart.o
 *(.rel.tdata .rel.tdata.* .rel.gnu.linkonce.td.*)
 *(.rel.tbss .rel.tbss.* .rel.gnu.linkonce.tb.*)
 *(.rel.ctors)
 *(.rel.dtors)
 *(.rel.got)
 *(.rel.bss .rel.bss.* .rel.gnu.linkonce.b.*)
 *(.rel.ifunc)

.rel.plt        0x00000000001000f8        0x0
 *(.rel.plt)
                0x00000000001000f8                PROVIDE (__rel_iplt_start, .)
 *(.rel.iplt)
 .rel.iplt      0x0000000000000000        0x0 obj/kstart.o
                0x00000000001000f8                PROVIDE (__rel_iplt_end, .)

.init
 *(SORT(.init))

.plt            0x0000000000100100        0x0
 *(.plt)
 *(.iplt)
 .iplt          0x0000000000000000        0x0 obj/kstart.o

.text           0x0000000000100100     0xce4c
 *(.text.unlikely .text.*_unlikely .text.unlikely.*)
 *(.text.exit .text.exit.*)
 *(.text.startup .text.startup.*)
 *(.text.hot .text.hot.*)
 *(.text .stub .text.* .gnu.linkonce.t.*)
 .text          0x0000000000100100       0x1a obj/kstart.o
                0x000000000010010c                _start
 .text          0x000000000010011a      0x336 obj/monitor.o
                0x000000000010011a                CreateMonitor
                0x0000000000100144                DeleteMonitor
                0x000000000010017d                EnterMonitor
                0x0000000000100198                EnterMonitorCond
                0x00000000001001b3                EnterMonitorTimed
                0x0000000000100229                LeaveMonitor
                0x0000000000100276                CreateCondition
                0x00000000001002a9                DeleteCondition
                0x00000000001002e2                WaitCondition
                0x00000000001002fd                WaitConditionTimed
                0x000000000010038e                SignalCondition
                0x00000000001003ef                BroadcastCondition
 .text          0x0000000000100450      0x1a7 obj/sem.o
                0x0000000000100450                CreateSem
                0x0000000000100483                DeleteSem
                0x00000000001004d6                WaitSem
                0x00000000001004f1                WaitSemCond
                0x000000000010050c                WaitSemTimed
                0x000000000010056e                SignalSem
                0x00000000001005ae                ValueSem
                0x00000000001005b9                FlushSem
 .text          0x00000000001005f7      0x18e obj/mutex.o
                0x00000000001005f7                CreateMutex
                0x0000000000100621                DeleteMutex
                0x000000000010065a                EnterMutex
                0x0000000000100675                EnterMutexCond
                0x0000000000100690                EnterMutexTimed
                0x000000000010070b                LeaveMutex
 .text          0x0000000000100785      0x33e obj/msgqueue.o
                0x0000000000100785                CreateMsgQueue
                0x0000000000100893                DeleteMsgQueue
                0x00000000001008dd                GetMsgQueue
                0x00000000001008ff                GetMsgQueueCond
                0x0000000000100921                GetMsgQueueTimed
                0x00000000001009c5                PutMsgQueue
                0x00000000001009e7                PutMsgQueueCond
                0x0000000000100a09                PutMsgQueueTimed
                0x0000000000100aad                AvailMsgQueue
 .text          0x0000000000100ac3      0x528 obj/pipe.o
                0x0000000000100ac3                CreatePipe
                0x0000000000100bc0                DeletePipe
                0x0000000000100c0b                GetPipe
                0x0000000000100c34                GetPipeCond
                0x0000000000100c5d                GetPipeTimed
                0x0000000000100de4                PutPipe
                0x0000000000100e0d                PutPipeCond
                0x0000000000100e36                PutPipeTimed
                0x0000000000100fe0                AvailPipe
 .text          0x0000000000100feb      0x9a0 obj/ps2.o
                0x00000000001017e4                mt_ps2_init
                0x0000000000101916                mt_ps2_getlayout
                0x0000000000101920                mt_ps2_setlayout
                0x0000000000101981                mt_ps2_layouts
 .text          0x000000000010198b       0x1c obj/drivers.o
                0x000000000010198b                mt_init_drivers
 .text          0x00000000001019a7      0x2c2 obj/input.o
                0x00000000001019a7                mt_input_init
                0x0000000000101a6f                mt_input_put
                0x0000000000101a8b                mt_input_get
                0x0000000000101aa7                mt_input_get_cond
                0x0000000000101ac3                mt_input_get_timed
                0x0000000000101ae6                mt_kbd_putch
                0x0000000000101b08                mt_kbd_puts
                0x0000000000101b70                mt_kbd_getch
                0x0000000000101b8c                mt_kbd_getch_cond
                0x0000000000101ba8                mt_kbd_getch_timed
                0x0000000000101bcb                mt_input_setfocus
                0x0000000000101c1e                mt_input_setcurrent
 .text          0x0000000000101c69       0x63 obj/timer.o
                0x0000000000101c69                mt_setup_timer
 .text          0x0000000000101ccc      0xbca obj/ide.o
                0x0000000000102608                mt_ide_init
                0x00000000001027b0                mt_ide_read
                0x00000000001027e0                mt_ide_write
                0x0000000000102810                mt_ide_model
                0x0000000000102853                mt_ide_capacity
 .text          0x0000000000102896       0x42 obj/vga.o
                0x0000000000102896                init_vga
                0x00000000001028a3                fill_screen
 .text          0x00000000001028d8      0xa25 obj/cons.o
                0x0000000000102a07                set_graphics_mode
                0x0000000000102a4c                set_text_mode
                0x0000000000102d3f                mt_cons_init
                0x0000000000102d99                mt_cons_clear
                0x0000000000102e00                mt_cons_clreol
                0x0000000000102e86                mt_cons_clreom
                0x0000000000102efa                mt_cons_nrows
                0x0000000000102f04                mt_cons_ncols
                0x0000000000102f0e                mt_cons_nscrolls
                0x0000000000102f1b                mt_cons_getxy
                0x0000000000102f57                mt_cons_gotoxy
                0x0000000000102fa0                mt_cons_setattr
                0x0000000000102fc3                mt_cons_getattr
                0x000000000010300f                mt_cons_cursor
                0x0000000000103054                mt_cons_putc
                0x00000000001030f1                mt_cons_puts
                0x0000000000103136                mt_cons_cr
                0x0000000000103169                mt_cons_nl
                0x00000000001031b2                mt_cons_tab
                0x0000000000103206                mt_cons_bs
                0x000000000010326f                mt_cons_raw
                0x00000000001032aa                mt_cons_setfocus
                0x00000000001032c9                mt_cons_setcurrent
                0x00000000001032db                mt_cons_set0
 .text          0x00000000001032fd      0x369 obj/irq.o
                0x0000000000103460                mt_int_handler
                0x00000000001034bb                mt_setup_interrupts
                0x000000000010350a                mt_set_int_handler
                0x0000000000103529                mt_set_exception_handler
                0x0000000000103548                mt_disable_irq
                0x00000000001035d5                mt_enable_irq
 .text          0x0000000000103666       0xfb obj/gdt_idt.o
                0x000000000010374f                mt_setup_gdt_idt
 .text          0x0000000000103761     0x1942 obj/kernel.o
                0x0000000000103761                mt_main
                0x0000000000103a16                mt_select_task
                0x0000000000103e60                CreateTask
                0x0000000000103f34                DeleteTask
                0x0000000000103fdc                Protect
                0x0000000000104009                Attach
                0x000000000010407d                Detach
                0x00000000001040f7                SetPriority
                0x0000000000104190                SetConsole
                0x0000000000104209                SetSaveRestore
                0x0000000000104255                SetCleanup
                0x000000000010428b                GetInfo
                0x0000000000104362                GetTasks
                0x00000000001043ca                Ready
                0x000000000010442c                Suspend
                0x0000000000104498                CurrentTask
                0x00000000001044a2                Pause
                0x00000000001044b7                Yield
                0x00000000001044cc                Delay
                0x0000000000104548                UDelay
                0x0000000000104572                Join
                0x0000000000104594                JoinCond
                0x00000000001045b6                JoinTimed
                0x00000000001046d3                Exit
                0x0000000000104873                Panic
                0x0000000000104919                Atomic
                0x000000000010492c                Unatomic
                0x0000000000104974                SetInts
                0x00000000001049a6                CreateQueue
                0x00000000001049d0                DeleteQueue
                0x0000000000104a03                WaitQueue
                0x0000000000104a1e                WaitQueueTimed
                0x0000000000104aac                SignalQueue
                0x0000000000104afd                FlushQueue
                0x0000000000104b5b                Send
                0x0000000000104b84                SendCond
                0x0000000000104bad                SendTimed
                0x0000000000104d35                Receive
                0x0000000000104d5e                ReceiveCond
                0x0000000000104d87                ReceiveTimed
                0x0000000000104f8f                GetName
                0x0000000000104fa6                Time
                0x0000000000104fc6                Malloc
                0x000000000010501a                StrDup
                0x000000000010507e                Free
 .text          0x00000000001050a3       0x70 obj/libasm.o
                0x00000000001050a3                mt_load_gdt
                0x00000000001050c0                mt_load_idt
                0x00000000001050c8                mt_context_switch
                0x00000000001050e9                mt_sti
                0x00000000001050eb                mt_cli
                0x00000000001050ed                mt_flags
                0x00000000001050f0                mt_finit
                0x00000000001050f4                mt_fsave
                0x00000000001050fc                mt_frstor
                0x0000000000105104                mt_stts
                0x000000000010510e                mt_clts
                0x0000000000105111                mt_hlt
 .text          0x0000000000105113      0x3f6 obj/queue.o
                0x0000000000105113                mt_enqueue
                0x00000000001051f9                mt_dequeue
                0x0000000000105280                mt_peeklast
                0x000000000010528b                mt_getlast
                0x00000000001052fb                mt_enqueue_time
                0x00000000001053f9                mt_dequeue_time
                0x0000000000105493                mt_peekfirst_time
                0x000000000010549d                mt_getfirst_time
 *fill*         0x0000000000105509        0x7 
 .text          0x0000000000105510      0x356 obj/interrupts.o
                0x0000000000105510                mt_int_stubs
 .text          0x0000000000105866       0x95 obj/math.o
                0x00000000001058df                mt_setup_math
 .text          0x00000000001058fb      0x5dc obj/afilo.o
                0x0000000000105d65                atomic_phil_main
 .text          0x0000000000105ed7      0x847 obj/peluqueria.o
                0x000000000010642e                peluqueria_main
 .text          0x000000000010671e      0x12a obj/kill.o
                0x000000000010671e                kill_main
 .text          0x0000000000106848       0x19 obj/test.o
                0x0000000000106848                test_main
 .text          0x0000000000106861      0xb2f obj/camino_ns.o
                0x00000000001071d7                camino_ns_main
 .text          0x0000000000107390      0x361 obj/ts.o
                0x0000000000107444                ts_main
 .text          0x00000000001076f1      0x578 obj/prodcons.o
                0x00000000001079ae                prodcons_main
 .text          0x0000000000107c69      0x576 obj/sfilo.o
                0x0000000000108024                simple_phil_main
 .text          0x00000000001081df      0x158 obj/paint.o
                0x00000000001081df                print_mouse
                0x00000000001081e4                paint_main
 .text          0x0000000000108337      0x78a obj/shell.o
                0x0000000000108437                shell_main
 .text          0x0000000000108ac1       0xf0 obj/setkb.o
                0x0000000000108ac1                setkb_main
 .text          0x0000000000108bb1      0x187 obj/events.o
                0x0000000000108bb1                events_main
 .text          0x0000000000108d38      0x1a8 obj/disk.o
                0x0000000000108eb5                disk_main
 .text          0x0000000000108ee0      0x679 obj/xfilo.o
                0x0000000000109374                extra_phil_main
 .text          0x0000000000109559      0x617 obj/filo.o
                0x000000000010998b                phil_main
 .text          0x0000000000109b70      0x987 obj/camino.o
                0x000000000010a31b                camino_main
 .text          0x000000000010a4f7       0xf2 obj/divz.o
                0x000000000010a532                divz_main
 .text          0x000000000010a5e9       0x20 obj/states.o
                0x000000000010a5e9                statename
 .text          0x000000000010a609      0x471 obj/strtol.o
                0x000000000010a6b9                strtol
                0x000000000010a8a8                strtoul
 .text          0x000000000010aa7a      0x209 obj/getline.o
                0x000000000010aac7                getline
 .text          0x000000000010ac83       0xae obj/rand.o
                0x000000000010ad10                rand
                0x000000000010ad24                srand
 .text          0x000000000010ad31      0x1e3 obj/malloc.o
                0x000000000010ad31                mt_setup_heap
                0x000000000010ad93                free
                0x000000000010ae74                malloc
 .text          0x000000000010af14      0x15a obj/printk.o
                0x000000000010af14                vprintk
                0x000000000010af8b                printk
                0x000000000010afbb                print0
                0x000000000010b00e                cprintk
 .text          0x000000000010b06e      0x36a obj/string.o
                0x000000000010b06e                strcpy
                0x000000000010b0a1                strncpy
                0x000000000010b0e3                strcat
                0x000000000010b128                strncat
                0x000000000010b176                strcmp
                0x000000000010b1b3                strncmp
                0x000000000010b1fb                strchr
                0x000000000010b22e                strrchr
                0x000000000010b269                strlen
                0x000000000010b295                strnlen
                0x000000000010b2c3                memcpy
                0x000000000010b308                memmove
                0x000000000010b375                memchr
                0x000000000010b3b3                memset
 .text          0x000000000010b3d8       0xa1 obj/atoi.o
                0x000000000010b3d8                atoi
 .text          0x000000000010b479     0x1582 obj/sprintf.o
                0x000000000010b765                ecvtbuf
                0x000000000010b7a8                fcvtbuf
                0x000000000010c4ab                vsprintf
                0x000000000010c9ce                sprintf
 .text          0x000000000010c9fb       0x76 obj/getch.o
                0x000000000010c9fb                getch
                0x000000000010ca20                getch_cond
                0x000000000010ca45                getch_timed
 .text          0x000000000010ca71      0x346 obj/split.o
                0x000000000010cac4                split
                0x000000000010cc93                separate
 .text          0x000000000010cdb7       0x48 obj/io.o
                0x000000000010cdb7                inb
                0x000000000010cdc2                outb
                0x000000000010cdcf                inw
                0x000000000010cddb                outw
                0x000000000010cde9                inl
                0x000000000010cdf2                outl
 *fill*         0x000000000010cdff        0x1 
 .text          0x000000000010ce00      0x14c int32.o
                0x000000000010ce00                int32
                0x000000000010ce00                _int32
 *(.gnu.warning)

.fini
 *(SORT(.fini))
                0x000000000010cf4c                PROVIDE (__etext, .)
                0x000000000010cf4c                PROVIDE (_etext, .)
                0x000000000010cf4c                PROVIDE (etext, .)

.rodata         0x000000000010cf50     0x10a7
 *(.rodata .rodata.* .gnu.linkonce.r.*)
 .rodata        0x000000000010cf50      0x10b obj/monitor.o
 *fill*         0x000000000010d05b        0x1 
 .rodata        0x000000000010d05c       0x2a obj/mutex.o
 *fill*         0x000000000010d086        0x2 
 .rodata        0x000000000010d088       0x32 obj/msgqueue.o
 .rodata        0x000000000010d0ba        0xe obj/pipe.o
 .rodata        0x000000000010d0c8       0x52 obj/ps2.o
 .rodata        0x000000000010d11a       0x1e obj/input.o
 .rodata        0x000000000010d138       0x7e obj/ide.o
 *fill*         0x000000000010d1b6        0x2 
 .rodata        0x000000000010d1b8       0x3f obj/irq.o
 *fill*         0x000000000010d1f7        0x1 
 .rodata        0x000000000010d1f8      0x286 obj/kernel.o
 *fill*         0x000000000010d47e        0x2 
 .rodata        0x000000000010d480       0x57 obj/afilo.o
 *fill*         0x000000000010d4d7        0x1 
 .rodata        0x000000000010d4d8      0x157 obj/peluqueria.o
 .rodata        0x000000000010d62f       0x4b obj/kill.o
 .rodata        0x000000000010d67a        0xc obj/test.o
 *fill*         0x000000000010d686        0x2 
 .rodata        0x000000000010d688       0xa0 obj/camino_ns.o
 .rodata        0x000000000010d728       0xde obj/ts.o
 *fill*         0x000000000010d806        0x2 
 .rodata        0x000000000010d808       0xac obj/prodcons.o
 .rodata        0x000000000010d8b4       0x69 obj/sfilo.o
 .rodata        0x000000000010d91d      0x140 obj/shell.o
 *fill*         0x000000000010da5d        0x3 
 .rodata        0x000000000010da60       0x62 obj/setkb.o
 .rodata        0x000000000010dac2       0x6c obj/events.o
 *fill*         0x000000000010db2e        0x2 
 .rodata        0x000000000010db30      0x106 obj/disk.o
 *fill*         0x000000000010dc36        0x2 
 .rodata        0x000000000010dc38       0x69 obj/xfilo.o
 *fill*         0x000000000010dca1        0x3 
 .rodata        0x000000000010dca4       0x69 obj/filo.o
 *fill*         0x000000000010dd0d        0x3 
 .rodata        0x000000000010dd10       0x88 obj/camino.o
 .rodata        0x000000000010dd98       0x6b obj/divz.o
 *fill*         0x000000000010de03        0x1 
 .rodata        0x000000000010de04       0x50 obj/states.o
 .rodata        0x000000000010de54        0xf obj/getline.o
 *fill*         0x000000000010de63        0x5 
 .rodata        0x000000000010de68      0x188 obj/sprintf.o
 .rodata        0x000000000010dff0        0x7 obj/split.o

.rodata1
 *(.rodata1)

.eh_frame_hdr   0x000000000010dff8      0xbe4
 *(.eh_frame_hdr)
 .eh_frame_hdr  0x000000000010dff8      0xbe4 obj/monitor.o

.eh_frame       0x000000000010ebdc     0x3128
 *(.eh_frame)
 .eh_frame      0x000000000010ebdc      0x1a4 obj/monitor.o
 .eh_frame      0x000000000010ed80      0x100 obj/sem.o
                                        0x118 (size before relaxing)
 .eh_frame      0x000000000010ee80       0xc0 obj/mutex.o
                                         0xd8 (size before relaxing)
 .eh_frame      0x000000000010ef40      0x120 obj/msgqueue.o
                                        0x138 (size before relaxing)
 .eh_frame      0x000000000010f060      0x130 obj/pipe.o
                                        0x148 (size before relaxing)
 .eh_frame      0x000000000010f190      0x218 obj/ps2.o
                                        0x230 (size before relaxing)
 .eh_frame      0x000000000010f3a8       0x20 obj/drivers.o
                                         0x38 (size before relaxing)
 .eh_frame      0x000000000010f3c8      0x180 obj/input.o
                                        0x198 (size before relaxing)
 .eh_frame      0x000000000010f548       0x20 obj/timer.o
                                         0x38 (size before relaxing)
 .eh_frame      0x000000000010f568      0x1f0 obj/ide.o
                                        0x208 (size before relaxing)
 .eh_frame      0x000000000010f758       0x40 obj/vga.o
                                         0x58 (size before relaxing)
 .eh_frame      0x000000000010f798      0x448 obj/cons.o
                                        0x460 (size before relaxing)
 .eh_frame      0x000000000010fbe0      0x148 obj/irq.o
                                        0x160 (size before relaxing)
 .eh_frame      0x000000000010fd28       0x60 obj/gdt_idt.o
                                         0x78 (size before relaxing)
 .eh_frame      0x000000000010fd88      0x758 obj/kernel.o
                                        0x770 (size before relaxing)
 .eh_frame      0x00000000001104e0      0x100 obj/queue.o
                                        0x118 (size before relaxing)
 .eh_frame      0x00000000001105e0       0x44 obj/math.o
                                         0x5c (size before relaxing)
 .eh_frame      0x0000000000110624      0x19c obj/afilo.o
                                        0x1b4 (size before relaxing)
 .eh_frame      0x00000000001107c0      0x1a4 obj/peluqueria.o
                                        0x1bc (size before relaxing)
 .eh_frame      0x0000000000110964       0x20 obj/kill.o
                                         0x38 (size before relaxing)
 .eh_frame      0x0000000000110984       0x20 obj/test.o
                                         0x38 (size before relaxing)
 .eh_frame      0x00000000001109a4      0x1a8 obj/camino_ns.o
                                        0x1c0 (size before relaxing)
 .eh_frame      0x0000000000110b4c       0x6c obj/ts.o
                                         0x84 (size before relaxing)
 .eh_frame      0x0000000000110bb8      0x11c obj/prodcons.o
                                        0x134 (size before relaxing)
 .eh_frame      0x0000000000110cd4      0x178 obj/sfilo.o
                                        0x190 (size before relaxing)
 .eh_frame      0x0000000000110e4c       0x40 obj/paint.o
                                         0x58 (size before relaxing)
 .eh_frame      0x0000000000110e8c       0xa0 obj/shell.o
                                         0xb8 (size before relaxing)
 .eh_frame      0x0000000000110f2c       0x20 obj/setkb.o
                                         0x38 (size before relaxing)
 .eh_frame      0x0000000000110f4c       0x28 obj/events.o
                                         0x40 (size before relaxing)
 .eh_frame      0x0000000000110f74       0x40 obj/disk.o
                                         0x58 (size before relaxing)
 .eh_frame      0x0000000000110fb4      0x19c obj/xfilo.o
                                        0x1b4 (size before relaxing)
 .eh_frame      0x0000000000111150      0x19c obj/filo.o
                                        0x1b4 (size before relaxing)
 .eh_frame      0x00000000001112ec      0x1e8 obj/camino.o
                                        0x200 (size before relaxing)
 .eh_frame      0x00000000001114d4       0x60 obj/divz.o
                                         0x78 (size before relaxing)
 .eh_frame      0x0000000000111534       0x20 obj/states.o
                                         0x38 (size before relaxing)
 .eh_frame      0x0000000000111554       0xe0 obj/strtol.o
                                         0xf8 (size before relaxing)
 .eh_frame      0x0000000000111634       0x40 obj/getline.o
                                         0x58 (size before relaxing)
 .eh_frame      0x0000000000111674       0x60 obj/rand.o
                                         0x78 (size before relaxing)
 .eh_frame      0x00000000001116d4       0x60 obj/malloc.o
                                         0x78 (size before relaxing)
 .eh_frame      0x0000000000111734       0x80 obj/printk.o
                                         0x98 (size before relaxing)
 .eh_frame      0x00000000001117b4      0x244 obj/string.o
                                        0x25c (size before relaxing)
 .eh_frame      0x00000000001119f8       0x20 obj/atoi.o
                                         0x38 (size before relaxing)
 .eh_frame      0x0000000000111a18      0x1ec obj/sprintf.o
                                        0x204 (size before relaxing)
 .eh_frame      0x0000000000111c04       0x60 obj/getch.o
                                         0x78 (size before relaxing)
 .eh_frame      0x0000000000111c64       0xa0 obj/split.o
                                         0xb8 (size before relaxing)

.gcc_except_table
 *(.gcc_except_table .gcc_except_table.*)

.exception_ranges
 *(.exception_ranges .exception_ranges*)
                0x0000000000111d04                . = (ALIGN (0x1000) - ((0x1000 - .) & 0xfff))
                0x0000000000113000                . = DATA_SEGMENT_ALIGN (0x1000, 0x1000)

.eh_frame
 *(.eh_frame)

.gcc_except_table
 *(.gcc_except_table .gcc_except_table.*)

.exception_ranges
 *(.exception_ranges .exception_ranges*)

.tdata
 *(.tdata .tdata.* .gnu.linkonce.td.*)

.tbss
 *(.tbss .tbss.* .gnu.linkonce.tb.*)
 *(.tcommon)

.preinit_array  0x0000000000113000        0x0
                0x0000000000113000                PROVIDE (__preinit_array_start, .)
 *(.preinit_array)
                0x0000000000113000                PROVIDE (__preinit_array_end, .)

.init_array     0x0000000000113000        0x0
                0x0000000000113000                PROVIDE (__init_array_start, .)
 *(SORT(.init_array.*) SORT(.ctors.*))
 *(.init_array EXCLUDE_FILE(*crtend?.o *crtend.o *crtbegin?.o *crtbegin.o) .ctors)
                0x0000000000113000                PROVIDE (__init_array_end, .)

.fini_array     0x0000000000113000        0x0
                0x0000000000113000                PROVIDE (__fini_array_start, .)
 *(SORT(.fini_array.*) SORT(.dtors.*))
 *(.fini_array EXCLUDE_FILE(*crtend?.o *crtend.o *crtbegin?.o *crtbegin.o) .dtors)
                0x0000000000113000                PROVIDE (__fini_array_end, .)

.ctors
 *crtbegin.o(.ctors)
 *crtbegin?.o(.ctors)
 *(EXCLUDE_FILE(*crtend?.o *crtend.o) .ctors)
 *(SORT(.ctors.*))
 *(.ctors)

.dtors
 *crtbegin.o(.dtors)
 *crtbegin?.o(.dtors)
 *(EXCLUDE_FILE(*crtend?.o *crtend.o) .dtors)
 *(SORT(.dtors.*))
 *(.dtors)

.jcr
 *(.jcr)

.data.rel.ro
 *(.data.rel.ro.local* .gnu.linkonce.d.rel.ro.local.*)
 *(.data.rel.ro .data.rel.ro.* .gnu.linkonce.d.rel.ro.*)

.dynamic
 *(.dynamic)

.got
 *(.got)
 *(.igot)
                0x0000000000113000                . = DATA_SEGMENT_RELRO_END (., (SIZEOF (.got.plt) >= 0xc)?0xc:0x0)

.got.plt        0x0000000000113000        0x0
 *(.got.plt)
 *(.igot.plt)
 .igot.plt      0x0000000000000000        0x0 obj/kstart.o

.data           0x0000000000113000     0x10b4
 *(.data .data.* .gnu.linkonce.d.*)
 .data          0x0000000000113000        0x0 obj/kstart.o
 .data          0x0000000000113000        0x0 obj/monitor.o
 .data          0x0000000000113000        0x0 obj/sem.o
 .data          0x0000000000113000        0x0 obj/mutex.o
 .data          0x0000000000113000        0x0 obj/msgqueue.o
 .data          0x0000000000113000        0x0 obj/pipe.o
 .data          0x0000000000113000      0xc25 obj/ps2.o
                0x0000000000113000                keymap_spanish
                0x0000000000113600                keymap_us_std
 .data          0x0000000000113c25        0x0 obj/drivers.o
 .data          0x0000000000113c25        0x0 obj/input.o
 .data          0x0000000000113c25        0x0 obj/timer.o
 *fill*         0x0000000000113c25       0x1b 
 .data          0x0000000000113c40      0x1a0 obj/ide.o
 .data          0x0000000000113de0        0x4 obj/vga.o
                0x0000000000113de0                display
 .data          0x0000000000113de4       0x20 obj/cons.o
 .data          0x0000000000113e04        0x0 obj/irq.o
 .data          0x0000000000113e04       0x18 obj/gdt_idt.o
 .data          0x0000000000113e1c        0x0 obj/kernel.o
 .data          0x0000000000113e1c        0x0 obj/libasm.o
 .data          0x0000000000113e1c        0x0 obj/queue.o
 .data          0x0000000000113e1c        0x0 obj/interrupts.o
 .data          0x0000000000113e1c        0x0 obj/math.o
 *fill*         0x0000000000113e1c        0x4 
 .data          0x0000000000113e20       0x50 obj/afilo.o
 .data          0x0000000000113e70        0x0 obj/peluqueria.o
 .data          0x0000000000113e70        0x0 obj/kill.o
 .data          0x0000000000113e70        0x0 obj/test.o
 .data          0x0000000000113e70        0x4 obj/camino_ns.o
 .data          0x0000000000113e74        0x8 obj/ts.o
 .data          0x0000000000113e7c        0x0 obj/prodcons.o
 *fill*         0x0000000000113e7c        0x4 
 .data          0x0000000000113e80       0x50 obj/sfilo.o
 .data          0x0000000000113ed0        0x0 obj/paint.o
 *fill*         0x0000000000113ed0       0x10 
 .data          0x0000000000113ee0       0xd8 obj/shell.o
 .data          0x0000000000113fb8        0x0 obj/setkb.o
 .data          0x0000000000113fb8        0x0 obj/events.o
 .data          0x0000000000113fb8        0x0 obj/disk.o
 *fill*         0x0000000000113fb8        0x8 
 .data          0x0000000000113fc0       0x50 obj/xfilo.o
 *fill*         0x0000000000114010       0x10 
 .data          0x0000000000114020       0x50 obj/filo.o
 .data          0x0000000000114070        0x4 obj/camino.o
 .data          0x0000000000114074        0x0 obj/divz.o
 *fill*         0x0000000000114074        0xc 
 .data          0x0000000000114080       0x28 obj/states.o
 .data          0x00000000001140a8        0x0 obj/strtol.o
 .data          0x00000000001140a8        0x0 obj/getline.o
 .data          0x00000000001140a8        0x4 obj/rand.o
 .data          0x00000000001140ac        0x0 obj/malloc.o
 .data          0x00000000001140ac        0x0 obj/printk.o
 .data          0x00000000001140ac        0x0 obj/string.o
 .data          0x00000000001140ac        0x0 obj/atoi.o
 .data          0x00000000001140ac        0x8 obj/sprintf.o
 .data          0x00000000001140b4        0x0 obj/getch.o
 .data          0x00000000001140b4        0x0 obj/split.o
 .data          0x00000000001140b4        0x0 obj/io.o

.data1
 *(.data1)
                0x00000000001140b4                _edata = .
                0x00000000001140b4                PROVIDE (edata, .)
                0x00000000001140b4                . = .
                0x00000000001140b4                __bss_start = .

.bss            0x00000000001140c0     0x84b4
 *(.dynbss)
 *(.bss .bss.* .gnu.linkonce.b.*)
 .bss           0x00000000001140c0     0x4000 obj/kstart.o
 .bss           0x00000000001180c0        0x0 obj/monitor.o
 .bss           0x00000000001180c0        0x0 obj/sem.o
 .bss           0x00000000001180c0        0x0 obj/mutex.o
 .bss           0x00000000001180c0        0x0 obj/msgqueue.o
 .bss           0x00000000001180c0        0x0 obj/pipe.o
 .bss           0x00000000001180c0       0x5c obj/ps2.o
 .bss           0x000000000011811c        0x0 obj/drivers.o
 *fill*         0x000000000011811c        0x4 
 .bss           0x0000000000118120       0x7c obj/input.o
 .bss           0x000000000011819c        0x0 obj/timer.o
 .bss           0x000000000011819c        0x0 obj/ide.o
 .bss           0x000000000011819c        0x0 obj/vga.o
 *fill*         0x000000000011819c        0x4 
 .bss           0x00000000001181a0      0x104 obj/cons.o
 *fill*         0x00000000001182a4       0x1c 
 .bss           0x00000000001182c0       0xc0 obj/irq.o
 .bss           0x0000000000118380      0x180 obj/gdt_idt.o
 .bss           0x0000000000118500       0x30 obj/kernel.o
 .bss           0x0000000000118530        0x4 obj/libasm.o
 .bss           0x0000000000118534        0xc obj/queue.o
 .bss           0x0000000000118540     0x400c obj/interrupts.o
 .bss           0x000000000011c54c        0x0 obj/math.o
 .bss           0x000000000011c54c        0x0 obj/afilo.o
 .bss           0x000000000011c54c        0x0 obj/peluqueria.o
 .bss           0x000000000011c54c        0x0 obj/kill.o
 .bss           0x000000000011c54c        0x0 obj/test.o
 .bss           0x000000000011c54c        0x4 obj/camino_ns.o
 .bss           0x000000000011c550        0x0 obj/ts.o
 .bss           0x000000000011c550        0x0 obj/prodcons.o
 .bss           0x000000000011c550        0x0 obj/sfilo.o
 .bss           0x000000000011c550        0x0 obj/paint.o
 .bss           0x000000000011c550        0x0 obj/shell.o
 .bss           0x000000000011c550        0x0 obj/setkb.o
 .bss           0x000000000011c550        0x0 obj/events.o
 .bss           0x000000000011c550        0x0 obj/disk.o
 .bss           0x000000000011c550        0x0 obj/xfilo.o
 .bss           0x000000000011c550        0x0 obj/filo.o
 .bss           0x000000000011c550        0x4 obj/camino.o
 .bss           0x000000000011c554        0x0 obj/divz.o
 .bss           0x000000000011c554        0x0 obj/states.o
 .bss           0x000000000011c554        0x0 obj/strtol.o
 .bss           0x000000000011c554        0x0 obj/getline.o
 .bss           0x000000000011c554        0x0 obj/rand.o
 .bss           0x000000000011c554        0xc obj/malloc.o
 .bss           0x000000000011c560        0x0 obj/printk.o
 .bss           0x000000000011c560        0x0 obj/string.o
 .bss           0x000000000011c560        0x0 obj/atoi.o
 .bss           0x000000000011c560        0x0 obj/sprintf.o
 .bss           0x000000000011c560        0x0 obj/getch.o
 .bss           0x000000000011c560        0x0 obj/split.o
 .bss           0x000000000011c560        0x0 obj/io.o
 *(COMMON)
 COMMON         0x000000000011c560        0x4 obj/irq.o
                0x000000000011c560                mt_int_level
 COMMON         0x000000000011c564       0x10 obj/kernel.o
                0x000000000011c564                TLS
                0x000000000011c568                mt_last_task
                0x000000000011c56c                mt_fpu_task
                0x000000000011c570                mt_curr_task
                0x000000000011c574                . = ALIGN ((. != 0x0)?0x4:0x1)
                0x000000000011c574                . = ALIGN (0x4)
                0x000000000011c574                . = SEGMENT_START ("ldata-segment", .)
                0x000000000011c574                . = ALIGN (0x4)
                0x000000000011c574                _end = .
                0x000000000011c574                PROVIDE (end, .)
                0x000000000011c574                . = DATA_SEGMENT_END (.)

.stab
 *(.stab)

.stabstr
 *(.stabstr)

.stab.excl
 *(.stab.excl)

.stab.exclstr
 *(.stab.exclstr)

.stab.index
 *(.stab.index)

.stab.indexstr
 *(.stab.indexstr)

.comment        0x0000000000000000       0x24
 *(.comment)
 .comment       0x0000000000000000       0x24 obj/monitor.o
                                         0x25 (size before relaxing)
 .comment       0x0000000000000000       0x25 obj/sem.o
 .comment       0x0000000000000000       0x25 obj/mutex.o
 .comment       0x0000000000000000       0x25 obj/msgqueue.o
 .comment       0x0000000000000000       0x25 obj/pipe.o
 .comment       0x0000000000000000       0x25 obj/ps2.o
 .comment       0x0000000000000000       0x25 obj/drivers.o
 .comment       0x0000000000000000       0x25 obj/input.o
 .comment       0x0000000000000000       0x25 obj/timer.o
 .comment       0x0000000000000000       0x25 obj/ide.o
 .comment       0x0000000000000000       0x25 obj/vga.o
 .comment       0x0000000000000000       0x25 obj/cons.o
 .comment       0x0000000000000000       0x25 obj/irq.o
 .comment       0x0000000000000000       0x25 obj/gdt_idt.o
 .comment       0x0000000000000000       0x25 obj/kernel.o
 .comment       0x0000000000000000       0x25 obj/queue.o
 .comment       0x0000000000000000       0x25 obj/math.o
 .comment       0x0000000000000000       0x25 obj/afilo.o
 .comment       0x0000000000000000       0x25 obj/peluqueria.o
 .comment       0x0000000000000000       0x25 obj/kill.o
 .comment       0x0000000000000000       0x25 obj/test.o
 .comment       0x0000000000000000       0x25 obj/camino_ns.o
 .comment       0x0000000000000000       0x25 obj/ts.o
 .comment       0x0000000000000000       0x25 obj/prodcons.o
 .comment       0x0000000000000000       0x25 obj/sfilo.o
 .comment       0x0000000000000000       0x25 obj/paint.o
 .comment       0x0000000000000000       0x25 obj/shell.o
 .comment       0x0000000000000000       0x25 obj/setkb.o
 .comment       0x0000000000000000       0x25 obj/events.o
 .comment       0x0000000000000000       0x25 obj/disk.o
 .comment       0x0000000000000000       0x25 obj/xfilo.o
 .comment       0x0000000000000000       0x25 obj/filo.o
 .comment       0x0000000000000000       0x25 obj/camino.o
 .comment       0x0000000000000000       0x25 obj/divz.o
 .comment       0x0000000000000000       0x25 obj/states.o
 .comment       0x0000000000000000       0x25 obj/strtol.o
 .comment       0x0000000000000000       0x25 obj/getline.o
 .comment       0x0000000000000000       0x25 obj/rand.o
 .comment       0x0000000000000000       0x25 obj/malloc.o
 .comment       0x0000000000000000       0x25 obj/printk.o
 .comment       0x0000000000000000       0x25 obj/string.o
 .comment       0x0000000000000000       0x25 obj/atoi.o
 .comment       0x0000000000000000       0x25 obj/sprintf.o
 .comment       0x0000000000000000       0x25 obj/getch.o
 .comment       0x0000000000000000       0x25 obj/split.o

.debug
 *(.debug)

.line
 *(.line)

.debug_srcinfo
 *(.debug_srcinfo)

.debug_sfnames
 *(.debug_sfnames)

.debug_aranges
 *(.debug_aranges)

.debug_pubnames
 *(.debug_pubnames)

.debug_info
 *(.debug_info .gnu.linkonce.wi.*)

.debug_abbrev
 *(.debug_abbrev)

.debug_line
 *(.debug_line .debug_line.* .debug_line_end)

.debug_frame
 *(.debug_frame)

.debug_str
 *(.debug_str)

.debug_loc
 *(.debug_loc)

.debug_macinfo
 *(.debug_macinfo)

.debug_weaknames
 *(.debug_weaknames)

.debug_funcnames
 *(.debug_funcnames)

.debug_typenames
 *(.debug_typenames)

.debug_varnames
 *(.debug_varnames)

.debug_pubtypes
 *(.debug_pubtypes)

.debug_ranges
 *(.debug_ranges)

.debug_macro
 *(.debug_macro)

.gnu.attributes
 *(.gnu.attributes)

/DISCARD/
 *(.note.GNU-stack)
 *(.gnu_debuglink)
 *(.gnu.lto_*)
OUTPUT(mtask elf32-i386)
